Archive member included to satisfy reference by file (symbol)

c:/program files (x86)/atmel/studio/7.0/toolchain/avr8/avr8-gnu-toolchain/bin/../lib/gcc/avr/4.9.2/../../../../avr/lib/avrxmega2\libprintf_flt.a(vfprintf_flt.o)
                              (vfprintf)
c:/program files (x86)/atmel/studio/7.0/toolchain/avr8/avr8-gnu-toolchain/bin/../lib/gcc/avr/4.9.2/avrxmega2\libgcc.a(_exit.o)
                              C:/Program Files (x86)/Atmel/Studio/7.0/Packs/Atmel/XMEGAA_DFP/1.1.68/gcc/dev/atxmega32a4u/avrxmega2/crtatxmega32a4u.o (exit)
c:/program files (x86)/atmel/studio/7.0/toolchain/avr8/avr8-gnu-toolchain/bin/../lib/gcc/avr/4.9.2/avrxmega2\libgcc.a(_copy_data.o)
                              src/LCD.o (__do_copy_data)
c:/program files (x86)/atmel/studio/7.0/toolchain/avr8/avr8-gnu-toolchain/bin/../lib/gcc/avr/4.9.2/avrxmega2\libgcc.a(_clear_bss.o)
                              src/ASF/xmega/drivers/twi/twim.o (__do_clear_bss)
c:/program files (x86)/atmel/studio/7.0/toolchain/avr8/avr8-gnu-toolchain/bin/../lib/gcc/avr/4.9.2/avrxmega2\libgcc.a(_prologue.o)
                              c:/program files (x86)/atmel/studio/7.0/toolchain/avr8/avr8-gnu-toolchain/bin/../lib/gcc/avr/4.9.2/../../../../avr/lib/avrxmega2\libprintf_flt.a(vfprintf_flt.o) (__prologue_saves__)
c:/program files (x86)/atmel/studio/7.0/toolchain/avr8/avr8-gnu-toolchain/bin/../lib/gcc/avr/4.9.2/avrxmega2\libgcc.a(_epilogue.o)
                              c:/program files (x86)/atmel/studio/7.0/toolchain/avr8/avr8-gnu-toolchain/bin/../lib/gcc/avr/4.9.2/../../../../avr/lib/avrxmega2\libprintf_flt.a(vfprintf_flt.o) (__epilogue_restores__)
c:/program files (x86)/atmel/studio/7.0/toolchain/avr8/avr8-gnu-toolchain/bin/../lib/gcc/avr/4.9.2/../../../../avr/lib/avrxmega2\libc.a(ftoa_engine.o)
                              c:/program files (x86)/atmel/studio/7.0/toolchain/avr8/avr8-gnu-toolchain/bin/../lib/gcc/avr/4.9.2/../../../../avr/lib/avrxmega2\libprintf_flt.a(vfprintf_flt.o) (__ftoa_engine)
c:/program files (x86)/atmel/studio/7.0/toolchain/avr8/avr8-gnu-toolchain/bin/../lib/gcc/avr/4.9.2/../../../../avr/lib/avrxmega2\libc.a(strnlen_P.o)
                              c:/program files (x86)/atmel/studio/7.0/toolchain/avr8/avr8-gnu-toolchain/bin/../lib/gcc/avr/4.9.2/../../../../avr/lib/avrxmega2\libprintf_flt.a(vfprintf_flt.o) (strnlen_P)
c:/program files (x86)/atmel/studio/7.0/toolchain/avr8/avr8-gnu-toolchain/bin/../lib/gcc/avr/4.9.2/../../../../avr/lib/avrxmega2\libc.a(memcpy.o)
                              src/ASF/xmega/drivers/nvm/nvm.o (memcpy)
c:/program files (x86)/atmel/studio/7.0/toolchain/avr8/avr8-gnu-toolchain/bin/../lib/gcc/avr/4.9.2/../../../../avr/lib/avrxmega2\libc.a(strnlen.o)
                              c:/program files (x86)/atmel/studio/7.0/toolchain/avr8/avr8-gnu-toolchain/bin/../lib/gcc/avr/4.9.2/../../../../avr/lib/avrxmega2\libprintf_flt.a(vfprintf_flt.o) (strnlen)
c:/program files (x86)/atmel/studio/7.0/toolchain/avr8/avr8-gnu-toolchain/bin/../lib/gcc/avr/4.9.2/../../../../avr/lib/avrxmega2\libc.a(fputc.o)
                              c:/program files (x86)/atmel/studio/7.0/toolchain/avr8/avr8-gnu-toolchain/bin/../lib/gcc/avr/4.9.2/../../../../avr/lib/avrxmega2\libprintf_flt.a(vfprintf_flt.o) (fputc)
c:/program files (x86)/atmel/studio/7.0/toolchain/avr8/avr8-gnu-toolchain/bin/../lib/gcc/avr/4.9.2/../../../../avr/lib/avrxmega2\libc.a(sprintf.o)
                              src/LCD.o (sprintf)
c:/program files (x86)/atmel/studio/7.0/toolchain/avr8/avr8-gnu-toolchain/bin/../lib/gcc/avr/4.9.2/../../../../avr/lib/avrxmega2\libc.a(ultoa_invert.o)
                              c:/program files (x86)/atmel/studio/7.0/toolchain/avr8/avr8-gnu-toolchain/bin/../lib/gcc/avr/4.9.2/../../../../avr/lib/avrxmega2\libprintf_flt.a(vfprintf_flt.o) (__ultoa_invert)

Allocating common symbols
Common symbol       size              file

p_col               0x1               src/LCD.o
p_row               0x1               src/LCD.o
sleepmgr_locks      0x6               src/ASF/common/services/sleepmgr/xmega/sleepmgr.o

Discarded input sections

 .data          0x00000000        0x0 C:/Program Files (x86)/Atmel/Studio/7.0/Packs/Atmel/XMEGAA_DFP/1.1.68/gcc/dev/atxmega32a4u/avrxmega2/crtatxmega32a4u.o
 .bss           0x00000000        0x0 C:/Program Files (x86)/Atmel/Studio/7.0/Packs/Atmel/XMEGAA_DFP/1.1.68/gcc/dev/atxmega32a4u/avrxmega2/crtatxmega32a4u.o
 .group         0x00000000        0x8 src/ASF/xmega/drivers/twi/twim.o
 .group         0x00000000        0x8 src/ASF/xmega/drivers/twi/twim.o
 .group         0x00000000        0x8 src/ASF/xmega/drivers/twi/twim.o
 .group         0x00000000        0x8 src/ASF/xmega/drivers/twi/twim.o
 .group         0x00000000        0x8 src/ASF/xmega/drivers/twi/twim.o
 .group         0x00000000        0x8 src/ASF/xmega/drivers/twi/twim.o
 .group         0x00000000        0x8 src/ASF/xmega/drivers/twi/twim.o
 .group         0x00000000        0x8 src/ASF/xmega/drivers/twi/twim.o
[...]
Memory Configuration

Name             Origin             Length             Attributes
text             0x00000000         0x00100000         xr
data             0x00802000         0x0000ffa0         rw !x
eeprom           0x00810000         0x00010000         rw !x
fuse             0x00820000         0x00000006         rw !x
lock             0x00830000         0x00000400         rw !x
signature        0x00840000         0x00000400         rw !x
user_signatures  0x00850000         0x00000400         rw !x
*default*        0x00000000         0xffffffff

Linker script and memory map

LOAD C:/Program Files (x86)/Atmel/Studio/7.0/Packs/Atmel/XMEGAA_DFP/1.1.68/gcc/dev/atxmega32a4u/avrxmega2/crtatxmega32a4u.o
LOAD src/ASF/xmega/drivers/twi/twim.o
LOAD src/ASF/xmega/drivers/twi/twis.o
LOAD src/LCD.o
LOAD src/utils.o
LOAD src/ASF/common/services/clock/xmega/sysclk.o
LOAD src/ASF/common/boards/user_board/init.o
LOAD src/ASF/common/services/sleepmgr/xmega/sleepmgr.o
LOAD src/ASF/xmega/drivers/cpu/ccp.o
LOAD src/ASF/xmega/drivers/nvm/nvm.o
LOAD src/ASF/xmega/drivers/nvm/nvm_asm.o
LOAD src/ASF/xmega/drivers/tc/tc.o
LOAD src/main.o
START GROUP
LOAD c:/program files (x86)/atmel/studio/7.0/toolchain/avr8/avr8-gnu-toolchain/bin/../lib/gcc/avr/4.9.2/../../../../avr/lib/avrxmega2\libm.a
END GROUP
LOAD c:/program files (x86)/atmel/studio/7.0/toolchain/avr8/avr8-gnu-toolchain/bin/../lib/gcc/avr/4.9.2/../../../../avr/lib/avrxmega2\libprintf_flt.a
START GROUP
LOAD c:/program files (x86)/atmel/studio/7.0/toolchain/avr8/avr8-gnu-toolchain/bin/../lib/gcc/avr/4.9.2/avrxmega2\libgcc.a
LOAD c:/program files (x86)/atmel/studio/7.0/toolchain/avr8/avr8-gnu-toolchain/bin/../lib/gcc/avr/4.9.2/../../../../avr/lib/avrxmega2\libm.a
LOAD c:/program files (x86)/atmel/studio/7.0/toolchain/avr8/avr8-gnu-toolchain/bin/../lib/gcc/avr/4.9.2/../../../../avr/lib/avrxmega2\libc.a
LOAD C:/Program Files (x86)/Atmel/Studio/7.0/Packs/Atmel/XMEGAA_DFP/1.1.68/gcc/dev/atxmega32a4u/avrxmega2\libatxmega32a4u.a
END GROUP
                0x00100000                __TEXT_REGION_LENGTH__ = DEFINED (__TEXT_REGION_LENGTH__)?__TEXT_REGION_LENGTH__:0x100000
                0x0000ffa0                __DATA_REGION_LENGTH__ = DEFINED (__DATA_REGION_LENGTH__)?__DATA_REGION_LENGTH__:0xffa0
                0x00010000                __EEPROM_REGION_LENGTH__ = DEFINED (__EEPROM_REGION_LENGTH__)?__EEPROM_REGION_LENGTH__:0x10000
                [0x00000006]                __FUSE_REGION_LENGTH__ = DEFINED (__FUSE_REGION_LENGTH__)?__FUSE_REGION_LENGTH__:0x400
                0x00000400                __LOCK_REGION_LENGTH__ = DEFINED (__LOCK_REGION_LENGTH__)?__LOCK_REGION_LENGTH__:0x400
                0x00000400                __SIGNATURE_REGION_LENGTH__ = DEFINED (__SIGNATURE_REGION_LENGTH__)?__SIGNATURE_REGION_LENGTH__:0x400
                0x00000400                __USER_SIGNATURE_REGION_LENGTH__ = DEFINED (__USER_SIGNATURE_REGION_LENGTH__)?__USER_SIGNATURE_REGION_LENGTH__:0x400

.hash
 *(.hash)

.dynsym
 *(.dynsym)

.dynstr
 *(.dynstr)

.gnu.version
 *(.gnu.version)

.gnu.version_d
 *(.gnu.version_d)

.gnu.version_r
 *(.gnu.version_r)

.rel.init
 *(.rel.init)

.rela.init
 *(.rela.init)

.rel.text
 *(.rel.text)
 *(.rel.text.*)
 *(.rel.gnu.linkonce.t*)

.rela.text
 *(.rela.text)
 *(.rela.text.*)
 *(.rela.gnu.linkonce.t*)

.rel.fini
 *(.rel.fini)

.rela.fini
 *(.rela.fini)

.rel.rodata
 *(.rel.rodata)
 *(.rel.rodata.*)
 *(.rel.gnu.linkonce.r*)

.rela.rodata
 *(.rela.rodata)
 *(.rela.rodata.*)
 *(.rela.gnu.linkonce.r*)

.rel.data
 *(.rel.data)
 *(.rel.data.*)
 *(.rel.gnu.linkonce.d*)

.rela.data
 *(.rela.data)
 *(.rela.data.*)
 *(.rela.gnu.linkonce.d*)

.rel.ctors
 *(.rel.ctors)

.rela.ctors
 *(.rela.ctors)

.rel.dtors
 *(.rel.dtors)

.rela.dtors
 *(.rela.dtors)

.rel.got
 *(.rel.got)

.rela.got
 *(.rela.got)

.rel.bss
 *(.rel.bss)

.rela.bss
 *(.rela.bss)

.rel.plt
 *(.rel.plt)

.rela.plt
 *(.rela.plt)

.text           0x00000000     0x1cba
 *(.vectors)
 .vectors       0x00000000      0x1fc C:/Program Files (x86)/Atmel/Studio/7.0/Packs/Atmel/XMEGAA_DFP/1.1.68/gcc/dev/atxmega32a4u/avrxmega2/crtatxmega32a4u.o
                0x00000000                __vector_default
                0x00000000                __vectors
 *(.vectors)
 *(.progmem.gcc*)
                0x000001fc                . = ALIGN (0x2)
                0x000001fc                __trampolines_start = .
 *(.trampolines)
 .trampolines   0x000001fc        0x0 linker stubs
 *(.trampolines*)
                0x000001fc                __trampolines_end = .
 *libprintf_flt.a:*(.progmem.data)
 .progmem.data  0x000001fc        0x8 c:/program files (x86)/atmel/studio/7.0/toolchain/avr8/avr8-gnu-toolchain/bin/../lib/gcc/avr/4.9.2/../../../../avr/lib/avrxmega2\libprintf_flt.a(vfprintf_flt.o)
 *libc.a:*(.progmem.data)
 .progmem.data  0x00000204       0xfa c:/program files (x86)/atmel/studio/7.0/toolchain/avr8/avr8-gnu-toolchain/bin/../lib/gcc/avr/4.9.2/../../../../avr/lib/avrxmega2\libc.a(ftoa_engine.o)
 *(.progmem*)
                0x000002fe                . = ALIGN (0x2)
 *(.jumptables)
 *(.jumptables*)
 *(.lowtext)
 *(.lowtext*)
                0x000002fe                __ctors_start = .
 *(.ctors)
                0x000002fe                __ctors_end = .
                0x000002fe                __dtors_start = .
 *(.dtors)
                0x000002fe                __dtors_end = .
 SORT(*)(.ctors)
 SORT(*)(.dtors)
 *(.init0)
 .init0         0x000002fe        0x0 C:/Program Files (x86)/Atmel/Studio/7.0/Packs/Atmel/XMEGAA_DFP/1.1.68/gcc/dev/atxmega32a4u/avrxmega2/crtatxmega32a4u.o
                0x000002fe                __init
 *(.init0)
 *(.init1)
 *(.init1)
 *(.init2)
 .init2         0x000002fe        0xc C:/Program Files (x86)/Atmel/Studio/7.0/Packs/Atmel/XMEGAA_DFP/1.1.68/gcc/dev/atxmega32a4u/avrxmega2/crtatxmega32a4u.o
 *(.init2)
 *(.init3)
 *(.init3)
 *(.init4)
 .init4         0x0000030a       0x16 c:/program files (x86)/atmel/studio/7.0/toolchain/avr8/avr8-gnu-toolchain/bin/../lib/gcc/avr/4.9.2/avrxmega2\libgcc.a(_copy_data.o)
                0x0000030a                __do_copy_data
 .init4         0x00000320       0x10 c:/program files (x86)/atmel/studio/7.0/toolchain/avr8/avr8-gnu-toolchain/bin/../lib/gcc/avr/4.9.2/avrxmega2\libgcc.a(_clear_bss.o)
                0x00000320                __do_clear_bss
 *(.init4)
 *(.init5)
 *(.init5)
 *(.init6)
 *(.init6)
 *(.init7)
 *(.init7)
 *(.init8)
 *(.init8)
 *(.init9)
 .init9         0x00000330        0x6 C:/Program Files (x86)/Atmel/Studio/7.0/Packs/Atmel/XMEGAA_DFP/1.1.68/gcc/dev/atxmega32a4u/avrxmega2/crtatxmega32a4u.o
 *(.init9)
 *(.text)
 .text          0x00000336        0x2 C:/Program Files (x86)/Atmel/Studio/7.0/Packs/Atmel/XMEGAA_DFP/1.1.68/gcc/dev/atxmega32a4u/avrxmega2/crtatxmega32a4u.o
                0x00000336                __vector_38
                0x00000336                __vector_104
                0x00000336                __vector_63
                0x00000336                __vector_28
                0x00000336                __vector_67
                0x00000336                __vector_1
                0x00000336                __vector_119
                0x00000336                __vector_32
                0x00000336                __vector_75
                0x00000336                __vector_71
                0x00000336                __vector_91
                0x00000336                __vector_34
                0x00000336                __vector_62
                0x00000336                __vector_102
                0x00000336                __vector_24
                0x00000336                __vector_12
                0x00000336                __vector_55
                0x00000336                __vector_69
                0x00000336                __vector_90
                0x00000336                __bad_interrupt
                0x00000336                __vector_122
                0x00000336                __vector_72
                0x00000336                __vector_114
                0x00000336                __vector_6
                0x00000336                __vector_110
                0x00000336                __vector_31
                0x00000336                __vector_92
                0x00000336                __vector_35
                0x00000336                __vector_74
                0x00000336                __vector_117
                0x00000336                __vector_39
                0x00000336                __vector_107
                0x00000336                __vector_3
                0x00000336                __vector_105
                0x00000336                __vector_98
                0x00000336                __vector_68
                0x00000336                __vector_30
                0x00000336                __vector_73
                0x00000336                __vector_45
                0x00000336                __vector_25
                0x00000336                __vector_93
                0x00000336                __vector_61
                0x00000336                __vector_11
                0x00000336                __vector_54
                0x00000336                __vector_99
                0x00000336                __vector_56
                0x00000336                __vector_7
                0x00000336                __vector_125
                0x00000336                __vector_123
                0x00000336                __vector_41
                0x00000336                __vector_100
                0x00000336                __vector_101
                0x00000336                __vector_64
                0x00000336                __vector_88
                0x00000336                __vector_109
                0x00000336                __vector_43
                0x00000336                __vector_27
                0x00000336                __vector_5
                0x00000336                __vector_113
                0x00000336                __vector_33
                0x00000336                __vector_76
                0x00000336                __vector_115
                0x00000336                __vector_37
                0x00000336                __vector_95
                0x00000336                __vector_103
                0x00000336                __vector_96
                0x00000336                __vector_89
                0x00000336                __vector_108
                0x00000336                __vector_4
                0x00000336                __vector_44
                0x00000336                __vector_106
                0x00000336                __vector_118
                0x00000336                __vector_9
                0x00000336                __vector_2
                0x00000336                __vector_66
                0x00000336                __vector_36
                0x00000336                __vector_58
                0x00000336                __vector_70
                0x00000336                __vector_29
                0x00000336                __vector_60
                0x00000336                __vector_121
                0x00000336                __vector_40
                0x00000336                __vector_94
                0x00000336                __vector_126
                0x00000336                __vector_8
                0x00000336                __vector_26
                0x00000336                __vector_124
                0x00000336                __vector_116
                0x00000336                __vector_112
                0x00000336                __vector_111
                0x00000336                __vector_57
                0x00000336                __vector_53
                0x00000336                __vector_10
                0x00000336                __vector_59
                0x00000336                __vector_97
                0x00000336                __vector_42
                0x00000336                __vector_87
                0x00000336                __vector_65
                0x00000336                __vector_120
                0x00000338                . = ALIGN (0x2)
 *(.text.*)
 .text.twim_interrupt_handler
                0x00000338      0x12e src/ASF/xmega/drivers/twi/twim.o
 .text.__vector_13
                0x00000466       0x46 src/ASF/xmega/drivers/twi/twim.o
                0x00000466                __vector_13
 .text.__vector_46
                0x000004ac       0x46 src/ASF/xmega/drivers/twi/twim.o
                0x000004ac                __vector_46
 .text.twi_master_init
                0x000004f2       0x2a src/ASF/xmega/drivers/twi/twim.o
                0x000004f2                twi_master_init
 .text.twi_master_transfer
                0x0000051c       0xba src/ASF/xmega/drivers/twi/twim.o
                0x0000051c                twi_master_transfer
 .text.LCDcommand
                0x000005d6       0x48 src/LCD.o
                0x000005d6                LCDcommand
 .text.LCDcommand2
                0x0000061e       0x4a src/LCD.o
                0x0000061e                LCDcommand2
 .text.LCDdata  0x00000668       0x48 src/LCD.o
                0x00000668                LCDdata
 .text.LCDgoto  0x000006b0       0x32 src/LCD.o
                0x000006b0                LCDgoto
 .text.LCDclear
                0x000006e2       0x2a src/LCD.o
                0x000006e2                LCDclear
 .text.LCDchar  0x0000070c       0x88 src/LCD.o
                0x0000070c                LCDchar
 .text.LCDtext  0x00000794       0x22 src/LCD.o
                0x00000794                LCDtext
 .text.LCDinit  0x000007b6       0x2e src/LCD.o
                0x000007b6                LCDinit
 .text.LCD_printFloat
                0x000007e4       0x48 src/LCD.o
                0x000007e4                LCD_printFloat
 .text.sysclk_init
                0x0000082c       0x9e src/ASF/common/services/clock/xmega/sysclk.o
                0x0000082c                sysclk_init
 .text.sysclk_enable_module
                0x000008ca       0x2c src/ASF/common/services/clock/xmega/sysclk.o
                0x000008ca                sysclk_enable_module
 .text.GPIO_Init
                0x000008f6       0x3a src/ASF/common/boards/user_board/init.o
                0x000008f6                GPIO_Init
 .text.twi_init
                0x00000930       0x6a src/ASF/common/boards/user_board/init.o
                0x00000930                twi_init
 .text.board_init
                0x0000099a        0x6 src/ASF/common/boards/user_board/init.o
                0x0000099a                board_init
 .text.ccp_write_io
                0x000009a0        0xc src/ASF/xmega/drivers/cpu/ccp.o
                0x000009a0                ccp_write_io
 .text.__vector_14
                0x000009ac       0x52 src/ASF/xmega/drivers/tc/tc.o
                0x000009ac                __vector_14
 .text.__vector_15
                0x000009fe       0x52 src/ASF/xmega/drivers/tc/tc.o
                0x000009fe                __vector_15
 .text.__vector_16
                0x00000a50       0x52 src/ASF/xmega/drivers/tc/tc.o
                0x00000a50                __vector_16
 .text.__vector_17
                0x00000aa2       0x52 src/ASF/xmega/drivers/tc/tc.o
                0x00000aa2                __vector_17
 .text.__vector_18
                0x00000af4       0x52 src/ASF/xmega/drivers/tc/tc.o
                0x00000af4                __vector_18
 .text.__vector_19
                0x00000b46       0x52 src/ASF/xmega/drivers/tc/tc.o
                0x00000b46                __vector_19
 .text.__vector_20
                0x00000b98       0x52 src/ASF/xmega/drivers/tc/tc.o
                0x00000b98                __vector_20
 .text.__vector_21
                0x00000bea       0x52 src/ASF/xmega/drivers/tc/tc.o
                0x00000bea                __vector_21
 .text.__vector_22
                0x00000c3c       0x52 src/ASF/xmega/drivers/tc/tc.o
                0x00000c3c                __vector_22
 .text.__vector_23
                0x00000c8e       0x52 src/ASF/xmega/drivers/tc/tc.o
                0x00000c8e                __vector_23
 .text.__vector_77
                0x00000ce0       0x52 src/ASF/xmega/drivers/tc/tc.o
                0x00000ce0                __vector_77
 .text.__vector_78
                0x00000d32       0x52 src/ASF/xmega/drivers/tc/tc.o
                0x00000d32                __vector_78
 .text.__vector_79
                0x00000d84       0x52 src/ASF/xmega/drivers/tc/tc.o
                0x00000d84                __vector_79
 .text.__vector_80
                0x00000dd6       0x52 src/ASF/xmega/drivers/tc/tc.o
                0x00000dd6                __vector_80
 .text.__vector_81
                0x00000e28       0x52 src/ASF/xmega/drivers/tc/tc.o
                0x00000e28                __vector_81
 .text.__vector_82
                0x00000e7a       0x52 src/ASF/xmega/drivers/tc/tc.o
                0x00000e7a                __vector_82
 .text.__vector_83
                0x00000ecc       0x52 src/ASF/xmega/drivers/tc/tc.o
                0x00000ecc                __vector_83
 .text.__vector_84
                0x00000f1e       0x52 src/ASF/xmega/drivers/tc/tc.o
                0x00000f1e                __vector_84
 .text.__vector_85
                0x00000f70       0x52 src/ASF/xmega/drivers/tc/tc.o
                0x00000f70                __vector_85
 .text.__vector_86
                0x00000fc2       0x52 src/ASF/xmega/drivers/tc/tc.o
                0x00000fc2                __vector_86
 .text.__vector_47
                0x00001014       0x52 src/ASF/xmega/drivers/tc/tc.o
                0x00001014                __vector_47
 .text.__vector_48
                0x00001066       0x52 src/ASF/xmega/drivers/tc/tc.o
                0x00001066                __vector_48
 .text.__vector_49
                0x000010b8       0x52 src/ASF/xmega/drivers/tc/tc.o
                0x000010b8                __vector_49
 .text.__vector_50
                0x0000110a       0x52 src/ASF/xmega/drivers/tc/tc.o
                0x0000110a                __vector_50
 .text.__vector_51
                0x0000115c       0x52 src/ASF/xmega/drivers/tc/tc.o
                0x0000115c                __vector_51
 .text.__vector_52
                0x000011ae       0x52 src/ASF/xmega/drivers/tc/tc.o
                0x000011ae                __vector_52
 .text.main     0x00001200       0x52 src/main.o
                0x00001200                main
 .text.avr-libc
                0x00001252      0x6ba c:/program files (x86)/atmel/studio/7.0/toolchain/avr8/avr8-gnu-toolchain/bin/../lib/gcc/avr/4.9.2/../../../../avr/lib/avrxmega2\libprintf_flt.a(vfprintf_flt.o)
                0x00001252                vfprintf
 .text.libgcc.prologue
                0x0000190c       0x32 c:/program files (x86)/atmel/studio/7.0/toolchain/avr8/avr8-gnu-toolchain/bin/../lib/gcc/avr/4.9.2/avrxmega2\libgcc.a(_prologue.o)
                0x0000190c                __prologue_saves__
 .text.libgcc.prologue
                0x0000193e       0x30 c:/program files (x86)/atmel/studio/7.0/toolchain/avr8/avr8-gnu-toolchain/bin/../lib/gcc/avr/4.9.2/avrxmega2\libgcc.a(_epilogue.o)
                0x0000193e                __epilogue_restores__
 .text.avr-libc
                0x0000196e      0x1b0 c:/program files (x86)/atmel/studio/7.0/toolchain/avr8/avr8-gnu-toolchain/bin/../lib/gcc/avr/4.9.2/../../../../avr/lib/avrxmega2\libc.a(ftoa_engine.o)
                0x0000196e                __ftoa_engine
 .text.avr-libc
                0x00001b1e       0x16 c:/program files (x86)/atmel/studio/7.0/toolchain/avr8/avr8-gnu-toolchain/bin/../lib/gcc/avr/4.9.2/../../../../avr/lib/avrxmega2\libc.a(strnlen_P.o)
                0x00001b1e                strnlen_P
 .text.avr-libc
                0x00001b34       0x16 c:/program files (x86)/atmel/studio/7.0/toolchain/avr8/avr8-gnu-toolchain/bin/../lib/gcc/avr/4.9.2/../../../../avr/lib/avrxmega2\libc.a(strnlen.o)
                0x00001b34                strnlen
 .text.avr-libc
                0x00001b4a       0x70 c:/program files (x86)/atmel/studio/7.0/toolchain/avr8/avr8-gnu-toolchain/bin/../lib/gcc/avr/4.9.2/../../../../avr/lib/avrxmega2\libc.a(fputc.o)
                0x00001b4a                fputc
 .text.avr-libc
                0x00001bba       0x40 c:/program files (x86)/atmel/studio/7.0/toolchain/avr8/avr8-gnu-toolchain/bin/../lib/gcc/avr/4.9.2/../../../../avr/lib/avrxmega2\libc.a(sprintf.o)
                0x00001bba                sprintf
 .text.avr-libc
                0x00001bfa       0xbc c:/program files (x86)/atmel/studio/7.0/toolchain/avr8/avr8-gnu-toolchain/bin/../lib/gcc/avr/4.9.2/../../../../avr/lib/avrxmega2\libc.a(ultoa_invert.o)
                0x00001bfa                __ultoa_invert
                0x00001cb6                . = ALIGN (0x2)
 *(.fini9)
 .fini9         0x00001cb6        0x0 c:/program files (x86)/atmel/studio/7.0/toolchain/avr8/avr8-gnu-toolchain/bin/../lib/gcc/avr/4.9.2/avrxmega2\libgcc.a(_exit.o)
                0x00001cb6                _exit
                0x00001cb6                exit
 *(.fini9)
 *(.fini8)
 *(.fini8)
 *(.fini7)
 *(.fini7)
 *(.fini6)
 *(.fini6)
 *(.fini5)
 *(.fini5)
 *(.fini4)
 *(.fini4)
 *(.fini3)
 *(.fini3)
 *(.fini2)
 *(.fini2)
 *(.fini1)
 *(.fini1)
 *(.fini0)
 .fini0         0x00001cb6        0x4 c:/program files (x86)/atmel/studio/7.0/toolchain/avr8/avr8-gnu-toolchain/bin/../lib/gcc/avr/4.9.2/avrxmega2\libgcc.a(_exit.o)
 *(.fini0)
                0x00001cba                _etext = .

.data           0x00802000      0x200 load address 0x00001cba
                0x00802000                PROVIDE (__data_start, .)
 *(.data)
 *(.data*)
 *(.rodata)
 *(.rodata*)
 .rodata.str1.1
                0x00802000       0x10 src/LCD.o
 .rodata.font5x8
                0x00802010      0x1ef src/LCD.o
 *(.gnu.linkonce.d*)
                0x00802200                . = ALIGN (0x2)
 *fill*         0x008021ff        0x1 
                0x00802200                _edata = .
                0x00802200                PROVIDE (__data_end, .)

.bss            0x00802200       0x41
                0x00802200                PROVIDE (__bss_start, .)
 *(.bss)
 *(.bss*)
 .bss.transfer  0x00802200        0xb src/ASF/xmega/drivers/twi/twim.o
 .bss.tc_tce0_ccd_callback
                0x0080220b        0x2 src/ASF/xmega/drivers/tc/tc.o
 .bss.tc_tce0_ccc_callback
                0x0080220d        0x2 src/ASF/xmega/drivers/tc/tc.o
 .bss.tc_tce0_ccb_callback
                0x0080220f        0x2 src/ASF/xmega/drivers/tc/tc.o
 .bss.tc_tce0_cca_callback
                0x00802211        0x2 src/ASF/xmega/drivers/tc/tc.o
 .bss.tc_tce0_err_callback
                0x00802213        0x2 src/ASF/xmega/drivers/tc/tc.o
 .bss.tc_tce0_ovf_callback
                0x00802215        0x2 src/ASF/xmega/drivers/tc/tc.o
 .bss.tc_tcd1_ccb_callback
                0x00802217        0x2 src/ASF/xmega/drivers/tc/tc.o
 .bss.tc_tcd1_cca_callback
                0x00802219        0x2 src/ASF/xmega/drivers/tc/tc.o
 .bss.tc_tcd1_err_callback
                0x0080221b        0x2 src/ASF/xmega/drivers/tc/tc.o
 .bss.tc_tcd1_ovf_callback
                0x0080221d        0x2 src/ASF/xmega/drivers/tc/tc.o
 .bss.tc_tcd0_ccd_callback
                0x0080221f        0x2 src/ASF/xmega/drivers/tc/tc.o
 .bss.tc_tcd0_ccc_callback
                0x00802221        0x2 src/ASF/xmega/drivers/tc/tc.o
 .bss.tc_tcd0_ccb_callback
                0x00802223        0x2 src/ASF/xmega/drivers/tc/tc.o
 .bss.tc_tcd0_cca_callback
                0x00802225        0x2 src/ASF/xmega/drivers/tc/tc.o
 .bss.tc_tcd0_err_callback
                0x00802227        0x2 src/ASF/xmega/drivers/tc/tc.o
 .bss.tc_tcd0_ovf_callback
                0x00802229        0x2 src/ASF/xmega/drivers/tc/tc.o
 .bss.tc_tcc1_ccb_callback
                0x0080222b        0x2 src/ASF/xmega/drivers/tc/tc.o
 .bss.tc_tcc1_cca_callback
                0x0080222d        0x2 src/ASF/xmega/drivers/tc/tc.o
 .bss.tc_tcc1_err_callback
                0x0080222f        0x2 src/ASF/xmega/drivers/tc/tc.o
 .bss.tc_tcc1_ovf_callback
                0x00802231        0x2 src/ASF/xmega/drivers/tc/tc.o
 .bss.tc_tcc0_ccd_callback
                0x00802233        0x2 src/ASF/xmega/drivers/tc/tc.o
 .bss.tc_tcc0_ccc_callback
                0x00802235        0x2 src/ASF/xmega/drivers/tc/tc.o
 .bss.tc_tcc0_ccb_callback
                0x00802237        0x2 src/ASF/xmega/drivers/tc/tc.o
 .bss.tc_tcc0_cca_callback
                0x00802239        0x2 src/ASF/xmega/drivers/tc/tc.o
 .bss.tc_tcc0_err_callback
                0x0080223b        0x2 src/ASF/xmega/drivers/tc/tc.o
 .bss.tc_tcc0_ovf_callback
                0x0080223d        0x2 src/ASF/xmega/drivers/tc/tc.o
 *(COMMON)
 COMMON         0x0080223f        0x2 src/LCD.o
                0x0080223f                p_col
                0x00802240                p_row
                0x00802241                PROVIDE (__bss_end, .)
                0x00001cba                __data_load_start = LOADADDR (.data)
                0x00001eba                __data_load_end = (__data_load_start + SIZEOF (.data))

.noinit         0x00802241        0x0
                [!provide]                PROVIDE (__noinit_start, .)
 *(.noinit*)
                [!provide]                PROVIDE (__noinit_end, .)
                0x00802241                _end = .
                [!provide]                PROVIDE (__heap_start, .)

.eeprom         0x00810000        0x0
 *(.eeprom*)
                0x00810000                __eeprom_end = .

.fuse
 *(.fuse)
 *(.lfuse)
 *(.hfuse)
 *(.efuse)

.lock
 *(.lock*)

.signature
 *(.signature*)

.user_signatures
 *(.user_signatures*)

.stab
 *(.stab)

.stabstr
 *(.stabstr)

.stab.excl
 *(.stab.excl)

.stab.exclstr
 *(.stab.exclstr)

.stab.index
 *(.stab.index)

.stab.indexstr
 *(.stab.indexstr)

.comment        0x00000000       0x5c
 *(.comment)
 .comment       0x00000000       0x30 src/ASF/xmega/drivers/twi/twim.o
                                 0x31 (size before relaxing)
 .comment       0x00000030       0x31 src/LCD.o
 .comment       0x00000030       0x31 src/ASF/common/services/clock/xmega/sysclk.o
 .comment       0x00000030       0x31 src/ASF/common/boards/user_board/init.o
 .comment       0x00000030       0x31 src/ASF/xmega/drivers/tc/tc.o
 .comment       0x00000030       0x31 src/main.o
 .comment       0x00000030       0x2c c:/program files (x86)/atmel/studio/7.0/toolchain/avr8/avr8-gnu-toolchain/bin/../lib/gcc/avr/4.9.2/../../../../avr/lib/avrxmega2\libprintf_flt.a(vfprintf_flt.o)
                                 0x2d (size before relaxing)
 .comment       0x0000005c       0x31 c:/program files (x86)/atmel/studio/7.0/toolchain/avr8/avr8-gnu-toolchain/bin/../lib/gcc/avr/4.9.2/../../../../avr/lib/avrxmega2\libc.a(fputc.o)
 .comment       0x0000005c       0x31 c:/program files (x86)/atmel/studio/7.0/toolchain/avr8/avr8-gnu-toolchain/bin/../lib/gcc/avr/4.9.2/../../../../avr/lib/avrxmega2\libc.a(sprintf.o)

.note.gnu.avr.deviceinfo
                0x00000000       0x40
 .note.gnu.avr.deviceinfo
                0x00000000       0x40 C:/Program Files (x86)/Atmel/Studio/7.0/Packs/Atmel/XMEGAA_DFP/1.1.68/gcc/dev/atxmega32a4u/avrxmega2/crtatxmega32a4u.o

.note.gnu.build-id
 *(.note.gnu.build-id)

.debug
 *(.debug)

.line
 *(.line)

.debug_srcinfo
 *(.debug_srcinfo)

.debug_sfnames
 *(.debug_sfnames)

.debug_aranges  0x00000000      0x2b8
 *(.debug_aranges)
 .debug_aranges
                0x00000000       0x40 src/ASF/xmega/drivers/twi/twim.o
 .debug_aranges
                0x00000040       0xa0 src/LCD.o
 .debug_aranges
                0x000000e0       0x40 src/ASF/common/services/clock/xmega/sysclk.o
 .debug_aranges
                0x00000120       0x30 src/ASF/common/boards/user_board/init.o
 .debug_aranges
                0x00000150       0x20 src/ASF/xmega/drivers/cpu/ccp.o
 .debug_aranges
                0x00000170      0x128 src/ASF/xmega/drivers/tc/tc.o
 .debug_aranges
                0x00000298       0x20 src/main.o

.debug_pubnames
 *(.debug_pubnames)

.debug_info     0x00000000     0x84d8
 *(.debug_info .gnu.linkonce.wi.*)
 .debug_info    0x00000000     0x284f C:/Program Files (x86)/Atmel/Studio/7.0/Packs/Atmel/XMEGAA_DFP/1.1.68/gcc/dev/atxmega32a4u/avrxmega2/crtatxmega32a4u.o
 .debug_info    0x0000284f      0x905 src/ASF/xmega/drivers/twi/twim.o
 .debug_info    0x00003154      0xca0 src/LCD.o
 .debug_info    0x00003df4      0xae0 src/ASF/common/services/clock/xmega/sysclk.o
 .debug_info    0x000048d4     0x1f8c src/ASF/common/boards/user_board/init.o
 .debug_info    0x00006860       0x96 src/ASF/xmega/drivers/cpu/ccp.o
 .debug_info    0x000068f6     0x16e2 src/ASF/xmega/drivers/tc/tc.o
 .debug_info    0x00007fd8      0x500 src/main.o

.debug_abbrev   0x00000000     0x3559
 *(.debug_abbrev)
 .debug_abbrev  0x00000000     0x262c C:/Program Files (x86)/Atmel/Studio/7.0/Packs/Atmel/XMEGAA_DFP/1.1.68/gcc/dev/atxmega32a4u/avrxmega2/crtatxmega32a4u.o
 .debug_abbrev  0x0000262c      0x2c6 src/ASF/xmega/drivers/twi/twim.o
 .debug_abbrev  0x000028f2      0x28f src/LCD.o
 .debug_abbrev  0x00002b81      0x294 src/ASF/common/services/clock/xmega/sysclk.o
 .debug_abbrev  0x00002e15      0x2c1 src/ASF/common/boards/user_board/init.o
 .debug_abbrev  0x000030d6       0x14 src/ASF/xmega/drivers/cpu/ccp.o
 .debug_abbrev  0x000030ea      0x2b2 src/ASF/xmega/drivers/tc/tc.o
 .debug_abbrev  0x0000339c      0x1bd src/main.o

.debug_line     0x00000000     0x3829
 *(.debug_line .debug_line.* .debug_line_end)
 .debug_line    0x00000000      0x391 C:/Program Files (x86)/Atmel/Studio/7.0/Packs/Atmel/XMEGAA_DFP/1.1.68/gcc/dev/atxmega32a4u/avrxmega2/crtatxmega32a4u.o
 .debug_line    0x00000391      0x62a src/ASF/xmega/drivers/twi/twim.o
 .debug_line    0x000009bb      0xb61 src/LCD.o
 .debug_line    0x0000151c      0x710 src/ASF/common/services/clock/xmega/sysclk.o
 .debug_line    0x00001c2c      0x751 src/ASF/common/boards/user_board/init.o
 .debug_line    0x0000237d       0x6e src/ASF/xmega/drivers/cpu/ccp.o
 .debug_line    0x000023eb      0xcb1 src/ASF/xmega/drivers/tc/tc.o
 .debug_line    0x0000309c      0x78d src/main.o

.debug_frame    0x00000000      0xdc8
 *(.debug_frame)
 .debug_frame   0x00000000      0x110 src/ASF/xmega/drivers/twi/twim.o
 .debug_frame   0x00000110      0x1dc src/LCD.o
 .debug_frame   0x000002ec       0xa4 src/ASF/common/services/clock/xmega/sysclk.o
 .debug_frame   0x00000390       0x60 src/ASF/common/boards/user_board/init.o
 .debug_frame   0x000003f0      0x9b4 src/ASF/xmega/drivers/tc/tc.o
 .debug_frame   0x00000da4       0x24 src/main.o

.debug_str      0x00000000    0x2b0b1
 *(.debug_str)
 .debug_str     0x00000000     0x1aa8 C:/Program Files (x86)/Atmel/Studio/7.0/Packs/Atmel/XMEGAA_DFP/1.1.68/gcc/dev/atxmega32a4u/avrxmega2/crtatxmega32a4u.o
 .debug_str     0x00001aa8    0x25e7b src/ASF/xmega/drivers/twi/twim.o
                              0x2652f (size before relaxing)
 .debug_str     0x00027923     0x2520 src/LCD.o
                              0x28741 (size before relaxing)
 .debug_str     0x00029e43      0x3d2 src/ASF/common/services/clock/xmega/sysclk.o
                              0x27853 (size before relaxing)
 .debug_str     0x0002a215      0x79e src/ASF/common/boards/user_board/init.o
                              0x28a69 (size before relaxing)
 .debug_str     0x0002a9b3      0x510 src/ASF/xmega/drivers/tc/tc.o
                              0x27fb7 (size before relaxing)
 .debug_str     0x0002aec3      0x1ee src/main.o
                              0x286a4 (size before relaxing)

.debug_loc      0x00000000     0x275b
 *(.debug_loc)
 .debug_loc     0x00000000      0x4a9 src/ASF/xmega/drivers/twi/twim.o
 .debug_loc     0x000004a9      0x809 src/LCD.o
 .debug_loc     0x00000cb2      0x3e6 src/ASF/common/services/clock/xmega/sysclk.o
 .debug_loc     0x00001098       0x61 src/ASF/common/boards/user_board/init.o
 .debug_loc     0x000010f9     0x1662 src/ASF/xmega/drivers/tc/tc.o

.debug_macinfo
 *(.debug_macinfo)

.debug_weaknames
 *(.debug_weaknames)

.debug_funcnames
 *(.debug_funcnames)

.debug_typenames
 *(.debug_typenames)

.debug_varnames
 *(.debug_varnames)

.debug_pubtypes
 *(.debug_pubtypes)

.debug_ranges   0x00000000      0x268
 *(.debug_ranges)
 .debug_ranges  0x00000000       0x60 src/ASF/xmega/drivers/twi/twim.o
 .debug_ranges  0x00000060       0x90 src/LCD.o
 .debug_ranges  0x000000f0       0x30 src/ASF/common/services/clock/xmega/sysclk.o
 .debug_ranges  0x00000120       0x20 src/ASF/common/boards/user_board/init.o
 .debug_ranges  0x00000140      0x118 src/ASF/xmega/drivers/tc/tc.o
 .debug_ranges  0x00000258       0x10 src/main.o

.debug_macro    0x00000000     0x9baf
 *(.debug_macro)
 .debug_macro   0x00000000      0x198 src/ASF/xmega/drivers/twi/twim.o
 .debug_macro   0x00000198      0xa60 src/ASF/xmega/drivers/twi/twim.o
 .debug_macro   0x00000bf8       0x10 src/ASF/xmega/drivers/twi/twim.o
 .debug_macro   0x00000c08      0x1c9 src/ASF/xmega/drivers/twi/twim.o
 .debug_macro   0x00000dd1      0x2fc src/ASF/xmega/drivers/twi/twim.o
 .debug_macro   0x000010cd       0x9e src/ASF/xmega/drivers/twi/twim.o
 .debug_macro   0x0000116b     0x58bc src/ASF/xmega/drivers/twi/twim.o
 .debug_macro   0x00006a27       0x9a src/ASF/xmega/drivers/twi/twim.o
 .debug_macro   0x00006ac1       0xf1 src/ASF/xmega/drivers/twi/twim.o
 .debug_macro   0x00006bb2       0x34 src/ASF/xmega/drivers/twi/twim.o
 .debug_macro   0x00006be6       0x10 src/ASF/xmega/drivers/twi/twim.o
 .debug_macro   0x00006bf6       0x18 src/ASF/xmega/drivers/twi/twim.o
 .debug_macro   0x00006c0e       0x5e src/ASF/xmega/drivers/twi/twim.o
 .debug_macro   0x00006c6c       0x10 src/ASF/xmega/drivers/twi/twim.o
 .debug_macro   0x00006c7c       0x22 src/ASF/xmega/drivers/twi/twim.o
 .debug_macro   0x00006c9e      0x166 src/ASF/xmega/drivers/twi/twim.o
 .debug_macro   0x00006e04       0x1c src/ASF/xmega/drivers/twi/twim.o
 .debug_macro   0x00006e20       0x35 src/ASF/xmega/drivers/twi/twim.o
 .debug_macro   0x00006e55       0x66 src/ASF/xmega/drivers/twi/twim.o
 .debug_macro   0x00006ebb      0x64b src/ASF/xmega/drivers/twi/twim.o
 .debug_macro   0x00007506       0x97 src/ASF/xmega/drivers/twi/twim.o
 .debug_macro   0x0000759d       0x17 src/ASF/xmega/drivers/twi/twim.o
 .debug_macro   0x000075b4      0x250 src/ASF/xmega/drivers/twi/twim.o
 .debug_macro   0x00007804       0x76 src/ASF/xmega/drivers/twi/twim.o
 .debug_macro   0x0000787a       0x16 src/ASF/xmega/drivers/twi/twim.o
 .debug_macro   0x00007890      0x6e3 src/ASF/xmega/drivers/twi/twim.o
 .debug_macro   0x00007f73       0x10 src/ASF/xmega/drivers/twi/twim.o
 .debug_macro   0x00007f83      0x175 src/ASF/xmega/drivers/twi/twim.o
 .debug_macro   0x000080f8       0x40 src/ASF/xmega/drivers/twi/twim.o
 .debug_macro   0x00008138       0x69 src/ASF/xmega/drivers/twi/twim.o
 .debug_macro   0x000081a1       0x32 src/ASF/xmega/drivers/twi/twim.o
 .debug_macro   0x000081d3       0xe4 src/ASF/xmega/drivers/twi/twim.o
 .debug_macro   0x000082b7       0x16 src/ASF/xmega/drivers/twi/twim.o
 .debug_macro   0x000082cd       0x22 src/ASF/xmega/drivers/twi/twim.o
 .debug_macro   0x000082ef       0x10 src/ASF/xmega/drivers/twi/twim.o
 .debug_macro   0x000082ff      0x2de src/LCD.o
 .debug_macro   0x000085dd       0x34 src/LCD.o
 .debug_macro   0x00008611       0x16 src/LCD.o
 .debug_macro   0x00008627      0x2c6 src/LCD.o
 .debug_macro   0x000088ed       0x26 src/LCD.o
 .debug_macro   0x00008913       0x42 src/LCD.o
 .debug_macro   0x00008955       0x10 src/LCD.o
 .debug_macro   0x00008965       0x3a src/LCD.o
 .debug_macro   0x0000899f       0x76 src/LCD.o
 .debug_macro   0x00008a15       0x2f src/LCD.o
 .debug_macro   0x00008a44      0x154 src/LCD.o
 .debug_macro   0x00008b98       0x12 src/LCD.o
 .debug_macro   0x00008baa       0x28 src/LCD.o
 .debug_macro   0x00008bd2       0x58 src/LCD.o
 .debug_macro   0x00008c2a       0x10 src/LCD.o
 .debug_macro   0x00008c3a       0xf2 src/LCD.o
 .debug_macro   0x00008d2c       0x6a src/LCD.o
 .debug_macro   0x00008d96      0x160 src/LCD.o
 .debug_macro   0x00008ef6      0x1eb src/ASF/common/services/clock/xmega/sysclk.o
 .debug_macro   0x000090e1      0x2b4 src/ASF/common/boards/user_board/init.o
 .debug_macro   0x00009395      0x235 src/ASF/xmega/drivers/tc/tc.o
 .debug_macro   0x000095ca      0x302 src/ASF/xmega/drivers/tc/tc.o
 .debug_macro   0x000098cc      0x2e3 src/main.o
OUTPUT(ALL.elf elf32-avr)
LOAD linker stubs
