Archive member included to satisfy reference by file (symbol)

c:/program files (x86)/atmel/studio/7.0/toolchain/avr8/avr8-gnu-toolchain/bin/../lib/gcc/avr/4.9.2/avrxmega2\libgcc.a(_udivmodhi4.o)
                              src/ASF/xmega/drivers/usb/usb_device.o (__udivmodhi4)
c:/program files (x86)/atmel/studio/7.0/toolchain/avr8/avr8-gnu-toolchain/bin/../lib/gcc/avr/4.9.2/avrxmega2\libgcc.a(_udivmodsi4.o)
                              src/ASF/xmega/drivers/spi/spi.o (__udivmodsi4)
c:/program files (x86)/atmel/studio/7.0/toolchain/avr8/avr8-gnu-toolchain/bin/../lib/gcc/avr/4.9.2/avrxmega2\libgcc.a(_exit.o)
                              C:/Program Files (x86)/Atmel/Studio/7.0/Packs/atmel/XMEGAA_DFP/1.0.39/gcc/dev/atxmega32a4u/avrxmega2/crtatxmega32a4u.o (exit)
c:/program files (x86)/atmel/studio/7.0/toolchain/avr8/avr8-gnu-toolchain/bin/../lib/gcc/avr/4.9.2/avrxmega2\libgcc.a(_tablejump2.o)
                              src/ASF/common/services/usb/class/msc/device/udi_msc.o (__tablejump2__)
c:/program files (x86)/atmel/studio/7.0/toolchain/avr8/avr8-gnu-toolchain/bin/../lib/gcc/avr/4.9.2/avrxmega2\libgcc.a(_copy_data.o)
                              src/ASF/common/components/memory/data_flash/at45dbx/at45dbx.o (__do_copy_data)
c:/program files (x86)/atmel/studio/7.0/toolchain/avr8/avr8-gnu-toolchain/bin/../lib/gcc/avr/4.9.2/avrxmega2\libgcc.a(_clear_bss.o)
                              src/ASF/common/components/memory/data_flash/at45dbx/at45dbx.o (__do_clear_bss)
c:/program files (x86)/atmel/studio/7.0/toolchain/avr8/avr8-gnu-toolchain/bin/../lib/gcc/avr/4.9.2/avrxmega2\libgcc.a(_umulhisi3.o)
                              src/ASF/common/services/usb/class/msc/device/example/atxmega32a4u_stk600-rc044x/ui.o (__umulhisi3)
c:/program files (x86)/atmel/studio/7.0/toolchain/avr8/avr8-gnu-toolchain/bin/../lib/gcc/avr/4.9.2/../../../../avr/lib/avrxmega2\libc.a(memcpy.o)
                              src/ASF/xmega/drivers/nvm/nvm.o (memcpy)

Allocating common symbols
Common symbol       size              file

udi_msc_b_abort_trans
                    0x1               src/ASF/common/services/usb/class/msc/device/udi_msc.o
udd_g_ctrlreq       0x10              src/ASF/xmega/drivers/usb/usb_device.o
sleepmgr_locks      0x6               src/ASF/common/services/sleepmgr/xmega/sleepmgr.o

Discarded input sections

 .data          0x00000000        0x0 C:/Program Files (x86)/Atmel/Studio/7.0/Packs/atmel/XMEGAA_DFP/1.0.39/gcc/dev/atxmega32a4u/avrxmega2/crtatxmega32a4u.o
 .bss           0x00000000        0x0 C:/Program Files (x86)/Atmel/Studio/7.0/Packs/atmel/XMEGAA_DFP/1.0.39/gcc/dev/atxmega32a4u/avrxmega2/crtatxmega32a4u.o
 .group         0x00000000        0x8 src/ASF/common/services/usb/class/msc/device/example/atxmega32a4u_stk600-rc044x/ui.o
 .group         0x00000000        0x8 src/ASF/common/services/usb/class/msc/device/example/atxmega32a4u_stk600-rc044x/ui.o
 .group         0x00000000        0x8 src/ASF/common/services/usb/class/msc/device/example/atxmega32a4u_stk600-rc044x/ui.o
 .group         0x00000000        0x8 src/ASF/common/services/usb/class/msc/device/example/atxmega32a4u_stk600-rc044x/ui.o
 .group         0x00000000        0x8 src/ASF/common/services/usb/class/msc/device/example/atxmega32a4u_stk600-rc044x/ui.o
 .group         0x00000000        0x8 src/ASF/common/services/usb/class/msc/device/example/atxmega32a4u_stk600-rc044x/ui.o
 .group         0x00000000        0x8 src/ASF/common/services/usb/class/msc/device/example/atxmega32a4u_stk600-rc044x/ui.o
 .group         0x00000000        0x8 src/ASF/common/services/usb/class/msc/device/example/atxmega32a4u_stk600-rc044x/ui.o
 .group         0x00000000        0x8 src/ASF/common/services/usb/class/msc/device/example/atxmega32a4u_stk600-rc044x/ui.o
 .group         0x00000000        0x8 src/ASF/common/services/usb/class/msc/device/example/atxmega32a4u_stk600-rc044x/ui.o
 .group         0x00000000        0x8 src/ASF/common/services/usb/class/msc/device/example/atxmega32a4u_stk600-rc044x/ui.o
 .group         0x00000000        0x8 src/ASF/common/services/usb/class/msc/device/example/atxmega32a4u_stk600-rc044x/ui.o
 .group         0x00000000        0x8 src/ASF/common/services/usb/class/msc/device/example/atxmega32a4u_stk600-rc044x/ui.o
 .group         0x00000000        0x8 src/ASF/common/services/usb/class/msc/device/example/atxmega32a4u_stk600-rc044x/ui.o
 .group         0x00000000        0x8 src/ASF/common/services/usb/class/msc/device/example/atxmega32a4u_stk600-rc044x/ui.o
 .group         0x00000000        0x8 src/ASF/common/services/usb/class/msc/device/example/atxmega32a4u_stk600-rc044x/ui.o
 .group         0x00000000        0x8 src/ASF/common/services/usb/class/msc/device/example/atxmega32a4u_stk600-rc044x/ui.o
 .group         0x00000000        0x8 src/ASF/common/services/usb/class/msc/device/example/atxmega32a4u_stk600-rc044x/ui.o
 .group         0x00000000        0x8 src/ASF/common/services/usb/class/msc/device/example/atxmega32a4u_stk600-rc044x/ui.o
[...]
Memory Configuration

Name             Origin             Length             Attributes
text             0x00000000         0x00100000         xr
data             0x00802000         0x0000ffa0         rw !x
eeprom           0x00810000         0x00010000         rw !x
fuse             0x00820000         0x00000400         rw !x
lock             0x00830000         0x00000400         rw !x
signature        0x00840000         0x00000400         rw !x
user_signatures  0x00850000         0x00000400         rw !x
*default*        0x00000000         0xffffffff

Linker script and memory map

LOAD C:/Program Files (x86)/Atmel/Studio/7.0/Packs/atmel/XMEGAA_DFP/1.0.39/gcc/dev/atxmega32a4u/avrxmega2/crtatxmega32a4u.o
LOAD src/ASF/common/services/usb/class/msc/device/example/atxmega32a4u_stk600-rc044x/ui.o
LOAD src/ASF/common/components/memory/data_flash/at45dbx/at45dbx.o
LOAD src/ASF/common/components/memory/data_flash/at45dbx/at45dbx_mem.o
LOAD src/ASF/common/services/clock/xmega/sysclk.o
LOAD src/ASF/common/services/ioport/xmega/ioport_compat.o
LOAD src/ASF/common/services/sleepmgr/xmega/sleepmgr.o
LOAD src/ASF/common/services/spi/xmega_spi/spi_master.o
LOAD src/ASF/common/services/storage/ctrl_access/ctrl_access.o
LOAD src/ASF/common/services/usb/class/msc/device/udi_msc.o
LOAD src/ASF/common/services/usb/class/msc/device/udi_msc_desc.o
LOAD src/ASF/common/services/usb/udc/udc.o
LOAD src/ASF/xmega/boards/stk600/rc044x/init.o
LOAD src/ASF/xmega/drivers/cpu/ccp.o
LOAD src/ASF/xmega/drivers/nvm/nvm.o
LOAD src/ASF/xmega/drivers/nvm/nvm_asm.o
LOAD src/ASF/xmega/drivers/spi/spi.o
LOAD src/ASF/xmega/drivers/usb/usb_device.o
LOAD src/main.o
LOAD src/memories_initialization_xmega.o
START GROUP
LOAD c:/program files (x86)/atmel/studio/7.0/toolchain/avr8/avr8-gnu-toolchain/bin/../lib/gcc/avr/4.9.2/../../../../avr/lib/avrxmega2\libm.a
END GROUP
Address of section .BOOT set to 0x8000
START GROUP
LOAD c:/program files (x86)/atmel/studio/7.0/toolchain/avr8/avr8-gnu-toolchain/bin/../lib/gcc/avr/4.9.2/avrxmega2\libgcc.a
LOAD c:/program files (x86)/atmel/studio/7.0/toolchain/avr8/avr8-gnu-toolchain/bin/../lib/gcc/avr/4.9.2/../../../../avr/lib/avrxmega2\libm.a
LOAD c:/program files (x86)/atmel/studio/7.0/toolchain/avr8/avr8-gnu-toolchain/bin/../lib/gcc/avr/4.9.2/../../../../avr/lib/avrxmega2\libc.a
LOAD C:/Program Files (x86)/Atmel/Studio/7.0/Packs/atmel/XMEGAA_DFP/1.0.39/gcc/dev/atxmega32a4u/avrxmega2\libatxmega32a4u.a
END GROUP
                0x00100000                __TEXT_REGION_LENGTH__ = DEFINED (__TEXT_REGION_LENGTH__)?__TEXT_REGION_LENGTH__:0x100000
                0x0000ffa0                __DATA_REGION_LENGTH__ = DEFINED (__DATA_REGION_LENGTH__)?__DATA_REGION_LENGTH__:0xffa0
                0x00010000                __EEPROM_REGION_LENGTH__ = DEFINED (__EEPROM_REGION_LENGTH__)?__EEPROM_REGION_LENGTH__:0x10000
                0x00000400                __FUSE_REGION_LENGTH__ = DEFINED (__FUSE_REGION_LENGTH__)?__FUSE_REGION_LENGTH__:0x400
                0x00000400                __LOCK_REGION_LENGTH__ = DEFINED (__LOCK_REGION_LENGTH__)?__LOCK_REGION_LENGTH__:0x400
                0x00000400                __SIGNATURE_REGION_LENGTH__ = DEFINED (__SIGNATURE_REGION_LENGTH__)?__SIGNATURE_REGION_LENGTH__:0x400
                0x00000400                __USER_SIGNATURE_REGION_LENGTH__ = DEFINED (__USER_SIGNATURE_REGION_LENGTH__)?__USER_SIGNATURE_REGION_LENGTH__:0x400

.hash
 *(.hash)

.dynsym
 *(.dynsym)

.dynstr
 *(.dynstr)

.gnu.version
 *(.gnu.version)

.gnu.version_d
 *(.gnu.version_d)

.gnu.version_r
 *(.gnu.version_r)

.rel.init
 *(.rel.init)

.rela.init
 *(.rela.init)

.rel.text
 *(.rel.text)
 *(.rel.text.*)
 *(.rel.gnu.linkonce.t*)

.rela.text
 *(.rela.text)
 *(.rela.text.*)
 *(.rela.gnu.linkonce.t*)

.rel.fini
 *(.rel.fini)

.rela.fini
 *(.rela.fini)

.rel.rodata
 *(.rel.rodata)
 *(.rel.rodata.*)
 *(.rel.gnu.linkonce.r*)

.rela.rodata
 *(.rela.rodata)
 *(.rela.rodata.*)
 *(.rela.gnu.linkonce.r*)

.rel.data
 *(.rel.data)
 *(.rel.data.*)
 *(.rel.gnu.linkonce.d*)

.rela.data
 *(.rela.data)
 *(.rela.data.*)
 *(.rela.gnu.linkonce.d*)

.rel.ctors
 *(.rel.ctors)

.rela.ctors
 *(.rela.ctors)

.rel.dtors
 *(.rel.dtors)

.rela.dtors
 *(.rela.dtors)

.rel.got
 *(.rel.got)

.rela.got
 *(.rela.got)

.rel.bss
 *(.rel.bss)

.rela.bss
 *(.rela.bss)

.rel.plt
 *(.rel.plt)

.rela.plt
 *(.rela.plt)

.text           0x00000000     0x317a
 *(.vectors)
 .vectors       0x00000000      0x1fc C:/Program Files (x86)/Atmel/Studio/7.0/Packs/atmel/XMEGAA_DFP/1.0.39/gcc/dev/atxmega32a4u/avrxmega2/crtatxmega32a4u.o
                0x00000000                __vector_default
                0x00000000                __vectors
 *(.vectors)
 *(.progmem.gcc*)
 .progmem.gcc_sw_table.udi_msc_cbw_received
                0x000001fc       0xb6 src/ASF/common/services/usb/class/msc/device/udi_msc.o
 .progmem.gcc_sw_table.udd_ep_get_size
                0x000002b2        0xe src/ASF/xmega/drivers/usb/usb_device.o
                0x000002c0                . = ALIGN (0x2)
                0x000002c0                __trampolines_start = .
 *(.trampolines)
 .trampolines   0x000002c0        0x0 linker stubs
 *(.trampolines*)
                0x000002c0                __trampolines_end = .
 *libprintf_flt.a:*(.progmem.data)
 *libc.a:*(.progmem.data)
 *(.progmem*)
                0x000002c0                . = ALIGN (0x2)
 *(.jumptables)
 *(.jumptables*)
 *(.lowtext)
 *(.lowtext*)
                0x000002c0                __ctors_start = .
 *(.ctors)
                0x000002c0                __ctors_end = .
                0x000002c0                __dtors_start = .
 *(.dtors)
                0x000002c0                __dtors_end = .
 SORT(*)(.ctors)
 SORT(*)(.dtors)
 *(.init0)
 .init0         0x000002c0        0x0 C:/Program Files (x86)/Atmel/Studio/7.0/Packs/atmel/XMEGAA_DFP/1.0.39/gcc/dev/atxmega32a4u/avrxmega2/crtatxmega32a4u.o
                0x000002c0                __init
 *(.init0)
 *(.init1)
 *(.init1)
 *(.init2)
 .init2         0x000002c0        0xc C:/Program Files (x86)/Atmel/Studio/7.0/Packs/atmel/XMEGAA_DFP/1.0.39/gcc/dev/atxmega32a4u/avrxmega2/crtatxmega32a4u.o
 *(.init2)
 *(.init3)
 *(.init3)
 *(.init4)
 .init4         0x000002cc       0x16 c:/program files (x86)/atmel/studio/7.0/toolchain/avr8/avr8-gnu-toolchain/bin/../lib/gcc/avr/4.9.2/avrxmega2\libgcc.a(_copy_data.o)
                0x000002cc                __do_copy_data
 .init4         0x000002e2       0x10 c:/program files (x86)/atmel/studio/7.0/toolchain/avr8/avr8-gnu-toolchain/bin/../lib/gcc/avr/4.9.2/avrxmega2\libgcc.a(_clear_bss.o)
                0x000002e2                __do_clear_bss
 *(.init4)
 *(.init5)
 *(.init5)
 *(.init6)
 *(.init6)
 *(.init7)
 *(.init7)
 *(.init8)
 *(.init8)
 *(.init9)
 .init9         0x000002f2        0x8 C:/Program Files (x86)/Atmel/Studio/7.0/Packs/atmel/XMEGAA_DFP/1.0.39/gcc/dev/atxmega32a4u/avrxmega2/crtatxmega32a4u.o
 *(.init9)
 *(.text)
 .text          0x000002fa        0x2 C:/Program Files (x86)/Atmel/Studio/7.0/Packs/atmel/XMEGAA_DFP/1.0.39/gcc/dev/atxmega32a4u/avrxmega2/crtatxmega32a4u.o
                0x000002fa                __vector_38
                0x000002fa                __vector_104
                0x000002fa                __vector_22
                0x000002fa                __vector_63
                0x000002fa                __vector_28
                0x000002fa                __vector_67
                0x000002fa                __vector_1
                0x000002fa                __vector_119
                0x000002fa                __vector_32
                0x000002fa                __vector_75
                0x000002fa                __vector_71
                0x000002fa                __vector_91
                0x000002fa                __vector_34
                0x000002fa                __vector_62
                0x000002fa                __vector_77
                0x000002fa                __vector_102
                0x000002fa                __vector_24
                0x000002fa                __vector_12
                0x000002fa                __vector_55
                0x000002fa                __vector_69
                0x000002fa                __vector_81
                0x000002fa                __vector_90
                0x000002fa                __vector_46
                0x000002fa                __bad_interrupt
                0x000002fa                __vector_122
                0x000002fa                __vector_72
                0x000002fa                __vector_114
                0x000002fa                __vector_6
                0x000002fa                __vector_110
                0x000002fa                __vector_31
                0x000002fa                __vector_92
                0x000002fa                __vector_35
                0x000002fa                __vector_78
                0x000002fa                __vector_74
                0x000002fa                __vector_117
                0x000002fa                __vector_39
                0x000002fa                __vector_107
                0x000002fa                __vector_3
                0x000002fa                __vector_105
                0x000002fa                __vector_98
                0x000002fa                __vector_23
                0x000002fa                __vector_68
                0x000002fa                __vector_30
                0x000002fa                __vector_73
                0x000002fa                __vector_45
                0x000002fa                __vector_25
                0x000002fa                __vector_93
                0x000002fa                __vector_61
                0x000002fa                __vector_11
                0x000002fa                __vector_54
                0x000002fa                __vector_99
                0x000002fa                __vector_13
                0x000002fa                __vector_17
                0x000002fa                __vector_19
                0x000002fa                __vector_56
                0x000002fa                __vector_7
                0x000002fa                __vector_49
                0x000002fa                __vector_123
                0x000002fa                __vector_41
                0x000002fa                __vector_86
                0x000002fa                __vector_100
                0x000002fa                __vector_101
                0x000002fa                __vector_64
                0x000002fa                __vector_88
                0x000002fa                __vector_109
                0x000002fa                __vector_43
                0x000002fa                __vector_27
                0x000002fa                __vector_5
                0x000002fa                __vector_113
                0x000002fa                __vector_33
                0x000002fa                __vector_76
                0x000002fa                __vector_115
                0x000002fa                __vector_47
                0x000002fa                __vector_52
                0x000002fa                __vector_37
                0x000002fa                __vector_95
                0x000002fa                __vector_103
                0x000002fa                __vector_96
                0x000002fa                __vector_89
                0x000002fa                __vector_108
                0x000002fa                __vector_4
                0x000002fa                __vector_44
                0x000002fa                __vector_82
                0x000002fa                __vector_106
                0x000002fa                __vector_118
                0x000002fa                __vector_51
                0x000002fa                __vector_9
                0x000002fa                __vector_2
                0x000002fa                __vector_21
                0x000002fa                __vector_15
                0x000002fa                __vector_66
                0x000002fa                __vector_36
                0x000002fa                __vector_79
                0x000002fa                __vector_58
                0x000002fa                __vector_70
                0x000002fa                __vector_83
                0x000002fa                __vector_29
                0x000002fa                __vector_60
                0x000002fa                __vector_121
                0x000002fa                __vector_40
                0x000002fa                __vector_85
                0x000002fa                __vector_94
                0x000002fa                __vector_8
                0x000002fa                __vector_26
                0x000002fa                __vector_48
                0x000002fa                __vector_124
                0x000002fa                __vector_116
                0x000002fa                __vector_112
                0x000002fa                __vector_111
                0x000002fa                __vector_80
                0x000002fa                __vector_14
                0x000002fa                __vector_84
                0x000002fa                __vector_57
                0x000002fa                __vector_53
                0x000002fa                __vector_10
                0x000002fa                __vector_50
                0x000002fa                __vector_16
                0x000002fa                __vector_59
                0x000002fa                __vector_18
                0x000002fa                __vector_97
                0x000002fa                __vector_20
                0x000002fa                __vector_42
                0x000002fa                __vector_87
                0x000002fa                __vector_65
                0x000002fa                __vector_120
                0x000002fc                . = ALIGN (0x2)
 *(.text.*)
 .text.ui_init  0x000002fc       0x16 src/ASF/common/services/usb/class/msc/device/example/atxmega32a4u_stk600-rc044x/ui.o
                0x000002fc                ui_init
 .text.ui_powerdown
                0x00000312       0x16 src/ASF/common/services/usb/class/msc/device/example/atxmega32a4u_stk600-rc044x/ui.o
                0x00000312                ui_powerdown
 .text.ui_wakeup
                0x00000328        0x8 src/ASF/common/services/usb/class/msc/device/example/atxmega32a4u_stk600-rc044x/ui.o
                0x00000328                ui_wakeup
 .text.ui_start_read
                0x00000330        0x8 src/ASF/common/services/usb/class/msc/device/example/atxmega32a4u_stk600-rc044x/ui.o
                0x00000330                ui_start_read
 .text.ui_stop_read
                0x00000338        0x8 src/ASF/common/services/usb/class/msc/device/example/atxmega32a4u_stk600-rc044x/ui.o
                0x00000338                ui_stop_read
 .text.ui_start_write
                0x00000340        0x8 src/ASF/common/services/usb/class/msc/device/example/atxmega32a4u_stk600-rc044x/ui.o
                0x00000340                ui_start_write
 .text.ui_stop_write
                0x00000348        0x8 src/ASF/common/services/usb/class/msc/device/example/atxmega32a4u_stk600-rc044x/ui.o
                0x00000348                ui_stop_write
 .text.ui_process
                0x00000350       0x56 src/ASF/common/services/usb/class/msc/device/example/atxmega32a4u_stk600-rc044x/ui.o
                0x00000350                ui_process
 .text.at45dbx_chipselect_df
                0x000003a6       0x56 src/ASF/common/components/memory/data_flash/at45dbx/at45dbx.o
 .text.at45dbx_wait_ready
                0x000003fc       0x8a src/ASF/common/components/memory/data_flash/at45dbx/at45dbx.o
 .text.at45dbx_init
                0x00000486       0x20 src/ASF/common/components/memory/data_flash/at45dbx/at45dbx.o
                0x00000486                at45dbx_init
 .text.at45dbx_mem_check
                0x000004a6       0x56 src/ASF/common/components/memory/data_flash/at45dbx/at45dbx.o
                0x000004a6                at45dbx_mem_check
 .text.at45dbx_read_byte_open
                0x000004fc      0x146 src/ASF/common/components/memory/data_flash/at45dbx/at45dbx.o
                0x000004fc                at45dbx_read_byte_open
 .text.at45dbx_read_sector_open
                0x00000642       0x26 src/ASF/common/components/memory/data_flash/at45dbx/at45dbx.o
                0x00000642                at45dbx_read_sector_open
 .text.at45dbx_read_close
                0x00000668       0x3e src/ASF/common/components/memory/data_flash/at45dbx/at45dbx.o
                0x00000668                at45dbx_read_close
 .text.at45dbx_write_byte_open
                0x000006a6       0xf8 src/ASF/common/components/memory/data_flash/at45dbx/at45dbx.o
                0x000006a6                at45dbx_write_byte_open
 .text.at45dbx_write_sector_open
                0x0000079e       0x26 src/ASF/common/components/memory/data_flash/at45dbx/at45dbx.o
                0x0000079e                at45dbx_write_sector_open
 .text.at45dbx_write_close
                0x000007c4       0xac src/ASF/common/components/memory/data_flash/at45dbx/at45dbx.o
                0x000007c4                at45dbx_write_close
 .text.at45dbx_read_sector_to_ram
                0x00000870       0xc4 src/ASF/common/components/memory/data_flash/at45dbx/at45dbx.o
                0x00000870                at45dbx_read_sector_to_ram
 .text.at45dbx_write_sector_from_ram
                0x00000934       0xee src/ASF/common/components/memory/data_flash/at45dbx/at45dbx.o
                0x00000934                at45dbx_write_sector_from_ram
 .text.at45dbx_test_unit_ready
                0x00000a22       0x1a src/ASF/common/components/memory/data_flash/at45dbx/at45dbx_mem.o
                0x00000a22                at45dbx_test_unit_ready
 .text.at45dbx_read_capacity
                0x00000a3c       0x16 src/ASF/common/components/memory/data_flash/at45dbx/at45dbx_mem.o
                0x00000a3c                at45dbx_read_capacity
 .text.at45dbx_wr_protect
                0x00000a52        0x4 src/ASF/common/components/memory/data_flash/at45dbx/at45dbx_mem.o
                0x00000a52                at45dbx_wr_protect
 .text.at45dbx_removal
                0x00000a56        0x4 src/ASF/common/components/memory/data_flash/at45dbx/at45dbx_mem.o
                0x00000a56                at45dbx_removal
 .text.at45dbx_usb_read_10
                0x00000a5a       0x52 src/ASF/common/components/memory/data_flash/at45dbx/at45dbx_mem.o
                0x00000a5a                at45dbx_usb_read_10
 .text.at45dbx_usb_write_10
                0x00000aac       0x52 src/ASF/common/components/memory/data_flash/at45dbx/at45dbx_mem.o
                0x00000aac                at45dbx_usb_write_10
 .text.sysclk_init
                0x00000afe       0xf6 src/ASF/common/services/clock/xmega/sysclk.o
                0x00000afe                sysclk_init
 .text.sysclk_enable_module
                0x00000bf4       0x2c src/ASF/common/services/clock/xmega/sysclk.o
                0x00000bf4                sysclk_enable_module
 .text.sysclk_enable_usb
                0x00000c20       0x8a src/ASF/common/services/clock/xmega/sysclk.o
                0x00000c20                sysclk_enable_usb
 .text.ioport_configure_port_pin
                0x00000caa       0x50 src/ASF/common/services/ioport/xmega/ioport_compat.o
                0x00000caa                ioport_configure_port_pin
 .text.spi_master_init
                0x00000cfa       0x2e src/ASF/common/services/spi/xmega_spi/spi_master.o
                0x00000cfa                spi_master_init
 .text.spi_master_setup_device
                0x00000d28       0x3e src/ASF/common/services/spi/xmega_spi/spi_master.o
                0x00000d28                spi_master_setup_device
 .text.spi_write_packet
                0x00000d66       0x1e src/ASF/common/services/spi/xmega_spi/spi_master.o
                0x00000d66                spi_write_packet
 .text.spi_read_packet
                0x00000d84       0x26 src/ASF/common/services/spi/xmega_spi/spi_master.o
                0x00000d84                spi_read_packet
 .text.spi_select_device
                0x00000daa       0x2c src/ASF/common/services/spi/xmega_spi/spi_master.o
                0x00000daa                spi_select_device
 .text.spi_deselect_device
                0x00000dd6       0x2c src/ASF/common/services/spi/xmega_spi/spi_master.o
                0x00000dd6                spi_deselect_device
 .text.get_nb_lun
                0x00000e02        0x4 src/ASF/common/services/storage/ctrl_access/ctrl_access.o
                0x00000e02                get_nb_lun
 .text.mem_test_unit_ready
                0x00000e06        0xc src/ASF/common/services/storage/ctrl_access/ctrl_access.o
                0x00000e06                mem_test_unit_ready
 .text.mem_read_capacity
                0x00000e12        0xe src/ASF/common/services/storage/ctrl_access/ctrl_access.o
                0x00000e12                mem_read_capacity
 .text.mem_unload
                0x00000e20        0xe src/ASF/common/services/storage/ctrl_access/ctrl_access.o
                0x00000e20                mem_unload
 .text.mem_wr_protect
                0x00000e2e        0xc src/ASF/common/services/storage/ctrl_access/ctrl_access.o
                0x00000e2e                mem_wr_protect
 .text.mem_removal
                0x00000e3a        0xc src/ASF/common/services/storage/ctrl_access/ctrl_access.o
                0x00000e3a                mem_removal
 .text.mem_name
                0x00000e46       0x10 src/ASF/common/services/storage/ctrl_access/ctrl_access.o
                0x00000e46                mem_name
 .text.memory_2_usb
                0x00000e56       0x3e src/ASF/common/services/storage/ctrl_access/ctrl_access.o
                0x00000e56                memory_2_usb
 .text.usb_2_memory
                0x00000e94       0x3e src/ASF/common/services/storage/ctrl_access/ctrl_access.o
                0x00000e94                usb_2_memory
 .text.udi_msc_getsetting
                0x00000ed2        0x4 src/ASF/common/services/usb/class/msc/device/udi_msc.o
                0x00000ed2                udi_msc_getsetting
 .text.udi_msc_trans_ack
                0x00000ed6       0x14 src/ASF/common/services/usb/class/msc/device/udi_msc.o
 .text.udi_msc_cbw_wait
                0x00000eea       0x2c src/ASF/common/services/usb/class/msc/device/udi_msc.o
 .text.udi_msc_enable
                0x00000f16       0x50 src/ASF/common/services/usb/class/msc/device/udi_msc.o
                0x00000f16                udi_msc_enable
 .text.udi_msc_csw_sent
                0x00000f66        0x4 src/ASF/common/services/usb/class/msc/device/udi_msc.o
 .text.udi_msc_csw_send
                0x00000f6a       0x2c src/ASF/common/services/usb/class/msc/device/udi_msc.o
                0x00000f6a                udi_msc_csw_send
 .text.udi_msc_cbw_invalid
                0x00000f96       0x1a src/ASF/common/services/usb/class/msc/device/udi_msc.o
 .text.udi_msc_csw_invalid
                0x00000fb0       0x1a src/ASF/common/services/usb/class/msc/device/udi_msc.o
 .text.udi_msc_csw_process
                0x00000fca       0x52 src/ASF/common/services/usb/class/msc/device/udi_msc.o
 .text.udi_msc_clear_sense
                0x0000101c       0x18 src/ASF/common/services/usb/class/msc/device/udi_msc.o
 .text.udi_msc_sense_fail
                0x00001034       0x46 src/ASF/common/services/usb/class/msc/device/udi_msc.o
 .text.udi_msc_sense_fail_cdb_invalid
                0x0000107a       0x10 src/ASF/common/services/usb/class/msc/device/udi_msc.o
 .text.udi_msc_cbw_validate
                0x0000108a       0x36 src/ASF/common/services/usb/class/msc/device/udi_msc.o
 .text.udi_msc_sense_fail_hardware
                0x000010c0       0x10 src/ASF/common/services/usb/class/msc/device/udi_msc.o
 .text.udi_msc_data_send
                0x000010d0       0x24 src/ASF/common/services/usb/class/msc/device/udi_msc.o
 .text.udi_msc_sense_fail_busy_or_change
                0x000010f4       0x10 src/ASF/common/services/usb/class/msc/device/udi_msc.o
 .text.udi_msc_sense_fail_not_present
                0x00001104       0x10 src/ASF/common/services/usb/class/msc/device/udi_msc.o
 .text.udi_msc_sense_pass
                0x00001114        0x8 src/ASF/common/services/usb/class/msc/device/udi_msc.o
 .text.udi_msc_data_sent
                0x0000111c       0x30 src/ASF/common/services/usb/class/msc/device/udi_msc.o
 .text.udi_msc_spc_mode_sense
                0x0000114c       0xb0 src/ASF/common/services/usb/class/msc/device/udi_msc.o
 .text.udi_msc_sbc_trans
                0x000011fc       0x9a src/ASF/common/services/usb/class/msc/device/udi_msc.o
 .text.udi_msc_cbw_received
                0x00001296      0x268 src/ASF/common/services/usb/class/msc/device/udi_msc.o
 .text.udi_msc_disable
                0x000014fe       0x14 src/ASF/common/services/usb/class/msc/device/udi_msc.o
                0x000014fe                udi_msc_disable
 .text.udi_msc_setup
                0x00001512       0xa4 src/ASF/common/services/usb/class/msc/device/udi_msc.o
                0x00001512                udi_msc_setup
 .text.udi_msc_process_trans
                0x000015b6       0x8c src/ASF/common/services/usb/class/msc/device/udi_msc.o
                0x000015b6                udi_msc_process_trans
 .text.udi_msc_trans_block
                0x00001642       0xb6 src/ASF/common/services/usb/class/msc/device/udi_msc.o
                0x00001642                udi_msc_trans_block
 .text.udc_next_desc_in_iface
                0x000016f8       0x64 src/ASF/common/services/usb/udc/udc.o
 .text.udc_valid_address
                0x0000175c        0xc src/ASF/common/services/usb/udc/udc.o
 .text.udc_update_iface_desc
                0x00001768       0x74 src/ASF/common/services/usb/udc/udc.o
 .text.udc_iface_disable
                0x000017dc       0x84 src/ASF/common/services/usb/udc/udc.o
 .text.udc_iface_enable
                0x00001860       0x64 src/ASF/common/services/usb/udc/udc.o
 .text.udc_start
                0x000018c4        0x4 src/ASF/common/services/usb/udc/udc.o
                0x000018c4                udc_start
 .text.udc_reset
                0x000018c8       0x4e src/ASF/common/services/usb/udc/udc.o
                0x000018c8                udc_reset
 .text.udc_sof_notify
                0x00001916       0x60 src/ASF/common/services/usb/udc/udc.o
                0x00001916                udc_sof_notify
 .text.udc_process_setup
                0x00001976      0x504 src/ASF/common/services/usb/udc/udc.o
                0x00001976                udc_process_setup
 .text.board_init
                0x00001e7a       0xe2 src/ASF/xmega/boards/stk600/rc044x/init.o
                0x00001e7a                board_init
 .text.ccp_write_io
                0x00001f5c        0xc src/ASF/xmega/drivers/cpu/ccp.o
                0x00001f5c                ccp_write_io
 .text.nvm_read_byte
                0x00001f68       0x14 src/ASF/xmega/drivers/nvm/nvm_asm.o
                0x00001f68                nvm_read_byte
 .text.spi_xmega_set_baud_div
                0x00001f7c       0x90 src/ASF/xmega/drivers/spi/spi.o
                0x00001f7c                spi_xmega_set_baud_div
 .text.udd_sleep_mode
                0x0000200c       0x6e src/ASF/xmega/drivers/usb/usb_device.o
 .text.udd_ctrl_init
                0x0000207a       0x4a src/ASF/xmega/drivers/usb/usb_device.o
 .text.udd_ctrl_stall_data
                0x000020c4       0x1c src/ASF/xmega/drivers/usb/usb_device.o
 .text.udd_ctrl_send_zlp_in
                0x000020e0       0x1c src/ASF/xmega/drivers/usb/usb_device.o
 .text.udd_ctrl_endofrequest
                0x000020fc       0x10 src/ASF/xmega/drivers/usb/usb_device.o
 .text.udd_ctrl_in_sent
                0x0000210c       0xd8 src/ASF/xmega/drivers/usb/usb_device.o
 .text.udd_ep_get_size
                0x000021e4       0x4c src/ASF/xmega/drivers/usb/usb_device.o
 .text.udd_ep_get_job
                0x00002230       0x36 src/ASF/xmega/drivers/usb/usb_device.o
 .text.udd_ctrl_interrupt_tc_setup
                0x00002266       0xe2 src/ASF/xmega/drivers/usb/usb_device.o
 .text.udd_ep_trans_complet
                0x00002348      0x2fa src/ASF/xmega/drivers/usb/usb_device.o
 .text.udd_attach
                0x00002642       0x5a src/ASF/xmega/drivers/usb/usb_device.o
                0x00002642                udd_attach
 .text.udd_enable
                0x0000269c      0x104 src/ASF/xmega/drivers/usb/usb_device.o
                0x0000269c                udd_enable
 .text.udd_set_address
                0x000027a0        0x6 src/ASF/xmega/drivers/usb/usb_device.o
                0x000027a0                udd_set_address
 .text.udd_getaddress
                0x000027a6        0x6 src/ASF/xmega/drivers/usb/usb_device.o
                0x000027a6                udd_getaddress
 .text.udd_get_frame_number
                0x000027ac        0xa src/ASF/xmega/drivers/usb/usb_device.o
                0x000027ac                udd_get_frame_number
 .text.udd_set_setup_payload
                0x000027b6        0xe src/ASF/xmega/drivers/usb/usb_device.o
                0x000027b6                udd_set_setup_payload
 .text.udd_ep_alloc
                0x000027c4      0x110 src/ASF/xmega/drivers/usb/usb_device.o
                0x000027c4                udd_ep_alloc
 .text.udd_ep_is_halted
                0x000028d4       0x36 src/ASF/xmega/drivers/usb/usb_device.o
                0x000028d4                udd_ep_is_halted
 .text.udd_ep_clear_halt
                0x0000290a       0x6e src/ASF/xmega/drivers/usb/usb_device.o
                0x0000290a                udd_ep_clear_halt
 .text.udd_ep_run
                0x00002978      0x18e src/ASF/xmega/drivers/usb/usb_device.o
                0x00002978                udd_ep_run
 .text.udd_ep_abort
                0x00002b06       0x92 src/ASF/xmega/drivers/usb/usb_device.o
                0x00002b06                udd_ep_abort
 .text.udd_ep_free
                0x00002b98       0x38 src/ASF/xmega/drivers/usb/usb_device.o
                0x00002b98                udd_ep_free
 .text.udd_ep_set_halt
                0x00002bd0       0x3a src/ASF/xmega/drivers/usb/usb_device.o
                0x00002bd0                udd_ep_set_halt
 .text.udd_ep_wait_stall_clear
                0x00002c0a       0x68 src/ASF/xmega/drivers/usb/usb_device.o
                0x00002c0a                udd_ep_wait_stall_clear
 .text.__vector_125
                0x00002c72      0x16e src/ASF/xmega/drivers/usb/usb_device.o
                0x00002c72                __vector_125
 .text.__vector_126
                0x00002de0      0x1e8 src/ASF/xmega/drivers/usb/usb_device.o
                0x00002de0                __vector_126
 .text.main     0x00002fc8       0xd6 src/main.o
                0x00002fc8                main
 .text.main_suspend_action
                0x0000309e        0x6 src/main.o
                0x0000309e                main_suspend_action
 .text.main_resume_action
                0x000030a4        0x6 src/main.o
                0x000030a4                main_resume_action
 .text.main_sof_action
                0x000030aa       0x10 src/main.o
                0x000030aa                main_sof_action
 .text.main_msc_enable
                0x000030ba        0x8 src/main.o
                0x000030ba                main_msc_enable
 .text.main_msc_disable
                0x000030c2        0x6 src/main.o
                0x000030c2                main_msc_disable
 .text.memories_initialization
                0x000030c8        0x6 src/memories_initialization_xmega.o
                0x000030c8                memories_initialization
 .text.libgcc.div
                0x000030ce       0x28 c:/program files (x86)/atmel/studio/7.0/toolchain/avr8/avr8-gnu-toolchain/bin/../lib/gcc/avr/4.9.2/avrxmega2\libgcc.a(_udivmodhi4.o)
                0x000030ce                __udivmodhi4
 .text.libgcc.div
                0x000030f6       0x44 c:/program files (x86)/atmel/studio/7.0/toolchain/avr8/avr8-gnu-toolchain/bin/../lib/gcc/avr/4.9.2/avrxmega2\libgcc.a(_udivmodsi4.o)
                0x000030f6                __udivmodsi4
 .text.libgcc   0x0000313a        0xc c:/program files (x86)/atmel/studio/7.0/toolchain/avr8/avr8-gnu-toolchain/bin/../lib/gcc/avr/4.9.2/avrxmega2\libgcc.a(_tablejump2.o)
                0x0000313a                __tablejump2__
 .text.libgcc.mul
                0x00003146       0x1e c:/program files (x86)/atmel/studio/7.0/toolchain/avr8/avr8-gnu-toolchain/bin/../lib/gcc/avr/4.9.2/avrxmega2\libgcc.a(_umulhisi3.o)
                0x00003146                __umulhisi3
 .text.avr-libc
                0x00003164       0x12 c:/program files (x86)/atmel/studio/7.0/toolchain/avr8/avr8-gnu-toolchain/bin/../lib/gcc/avr/4.9.2/../../../../avr/lib/avrxmega2\libc.a(memcpy.o)
                0x00003164                memcpy
                0x00003176                . = ALIGN (0x2)
 *(.fini9)
 .fini9         0x00003176        0x0 c:/program files (x86)/atmel/studio/7.0/toolchain/avr8/avr8-gnu-toolchain/bin/../lib/gcc/avr/4.9.2/avrxmega2\libgcc.a(_exit.o)
                0x00003176                _exit
                0x00003176                exit
 *(.fini9)
 *(.fini8)
 *(.fini8)
 *(.fini7)
 *(.fini7)
 *(.fini6)
 *(.fini6)
 *(.fini5)
 *(.fini5)
 *(.fini4)
 *(.fini4)
 *(.fini3)
 *(.fini3)
 *(.fini2)
 *(.fini2)
 *(.fini1)
 *(.fini1)
 *(.fini0)
 .fini0         0x00003176        0x4 c:/program files (x86)/atmel/studio/7.0/toolchain/avr8/avr8-gnu-toolchain/bin/../lib/gcc/avr/4.9.2/avrxmega2\libgcc.a(_exit.o)
 *(.fini0)
                0x0000317a                _etext = .

.data           0x00802000       0xda load address 0x0000317a
                0x00802000                PROVIDE (__data_start, .)
 *(.data)
 *(.data*)
 .data.at45dbx_devices
                0x00802000        0x1 src/ASF/common/components/memory/data_flash/at45dbx/at45dbx.o
 .data.sleepmgr_configs
                0x00802001        0x6 src/ASF/common/services/sleepmgr/xmega/sleepmgr.o
                0x00802001                sleepmgr_configs
 *fill*         0x00802007        0x1 
 .data.udi_msc_inquiry_data.4990
                0x00802008       0x24 src/ASF/common/services/usb/class/msc/device/udi_msc.o
 .data.udi_msc_b_reset_trans
                0x0080202c        0x1 src/ASF/common/services/usb/class/msc/device/udi_msc.o
                0x0080202c                udi_msc_b_reset_trans
 .data.udi_msc_b_ack_trans
                0x0080202d        0x1 src/ASF/common/services/usb/class/msc/device/udi_msc.o
                0x0080202d                udi_msc_b_ack_trans
 *fill*         0x0080202e        0x2 
 .data.udi_msc_csw
                0x00802030       0x10 src/ASF/common/services/usb/class/msc/device/udi_msc.o
 .data.udi_api_msc
                0x00802040        0xa src/ASF/common/services/usb/class/msc/device/udi_msc.o
                0x00802040                udi_api_msc
 .data.udc_config
                0x0080204a        0x6 src/ASF/common/services/usb/class/msc/device/udi_msc_desc.o
                0x0080204a                udc_config
 .data.udc_config_lsfs
                0x00802050        0x4 src/ASF/common/services/usb/class/msc/device/udi_msc_desc.o
                0x00802050                udc_config_lsfs
 .data.udi_apis
                0x00802054        0x2 src/ASF/common/services/usb/class/msc/device/udi_msc_desc.o
                0x00802054                udi_apis
 *fill*         0x00802056        0x2 
 .data.udc_desc_fs
                0x00802058       0x20 src/ASF/common/services/usb/class/msc/device/udi_msc_desc.o
                0x00802058                udc_desc_fs
 .data.udc_device_desc
                0x00802078       0x14 src/ASF/common/services/usb/class/msc/device/udi_msc_desc.o
                0x00802078                udc_device_desc
 .data.udc_string_desc
                0x0080208c       0x1a src/ASF/common/services/usb/udc/udc.o
 .data.udc_string_product_name
                0x008020a6        0x4 src/ASF/common/services/usb/udc/udc.o
 .data.udc_string_manufacturer_name
                0x008020aa        0xa src/ASF/common/services/usb/udc/udc.o
 .data.udc_string_desc_languageid
                0x008020b4        0x4 src/ASF/common/services/usb/udc/udc.o
 *(.rodata)
 *(.rodata*)
 .rodata.str1.1
                0x008020b8       0x15 src/ASF/common/services/storage/ctrl_access/ctrl_access.o
 .rodata.str1.1
                0x008020cd        0xd src/ASF/common/services/usb/udc/udc.o
 *(.gnu.linkonce.d*)
                0x008020da                . = ALIGN (0x2)
                0x008020da                _edata = .
                0x008020da                PROVIDE (__data_end, .)

.bss            0x008020da      0x3b7
                0x008020da                PROVIDE (__bss_start, .)
 *(.bss)
 *(.bss*)
 .bss.at45dbx_gl_ptr_mem
                0x008020da        0x4 src/ASF/common/components/memory/data_flash/at45dbx/at45dbx.o
 .bss.at45dbx_busy
                0x008020de        0x1 src/ASF/common/components/memory/data_flash/at45dbx/at45dbx.o
 .bss.sector_buf
                0x008020df      0x200 src/ASF/common/components/memory/data_flash/at45dbx/at45dbx_mem.o
 .bss.b_at45dbx_unloaded
                0x008022df        0x1 src/ASF/common/components/memory/data_flash/at45dbx/at45dbx_mem.o
 .bss.udi_msc_capacity.5039
                0x008022e0        0x8 src/ASF/common/services/usb/class/msc/device/udi_msc.o
 .bss.sense.5026
                0x008022e8       0x14 src/ASF/common/services/usb/class/msc/device/udi_msc.o
 .bss.udi_msc_nb_block
                0x008022fc        0x2 src/ASF/common/services/usb/class/msc/device/udi_msc.o
 .bss.udi_msc_addr
                0x008022fe        0x4 src/ASF/common/services/usb/class/msc/device/udi_msc.o
 .bss.udi_msc_b_read
                0x00802302        0x1 src/ASF/common/services/usb/class/msc/device/udi_msc.o
 .bss.udi_msc_b_trans_req
                0x00802303        0x1 src/ASF/common/services/usb/class/msc/device/udi_msc.o
 .bss.udi_msc_b_cbw_invalid
                0x00802304        0x1 src/ASF/common/services/usb/class/msc/device/udi_msc.o
 *fill*         0x00802305        0x3 
 .bss.udi_msc_sense
                0x00802308       0x14 src/ASF/common/services/usb/class/msc/device/udi_msc.o
 .bss.udi_msc_nb_lun
                0x0080231c        0x4 src/ASF/common/services/usb/class/msc/device/udi_msc.o
 .bss.udi_msc_cbw
                0x00802320       0x20 src/ASF/common/services/usb/class/msc/device/udi_msc.o
 .bss.udc_ep_status.4544
                0x00802340        0x2 src/ASF/common/services/usb/udc/udc.o
 .bss.udc_ptr_iface
                0x00802342        0x2 src/ASF/common/services/usb/udc/udc.o
 .bss.udc_ptr_conf
                0x00802344        0x2 src/ASF/common/services/usb/udc/udc.o
 .bss.udc_num_configuration
                0x00802346        0x2 src/ASF/common/services/usb/udc/udc.o
 .bss.udc_iface_setting
                0x00802348        0x2 src/ASF/common/services/usb/udc/udc.o
 .bss.udc_device_status
                0x0080234a        0x2 src/ASF/common/services/usb/udc/udc.o
 .bss.b_shortpacket.5257
                0x0080234c        0x1 src/ASF/xmega/drivers/usb/usb_device.o
 .bss.udd_ep_out_cache_buffer
                0x0080234d       0x80 src/ASF/xmega/drivers/usb/usb_device.o
 .bss.udd_ep_job
                0x008023cd       0x24 src/ASF/xmega/drivers/usb/usb_device.o
 .bss.udd_ctrl_buffer
                0x008023f1       0x40 src/ASF/xmega/drivers/usb/usb_device.o
 .bss.udd_ctrl_payload_nb_trans
                0x00802431        0x2 src/ASF/xmega/drivers/usb/usb_device.o
 .bss.udd_ctrl_prev_payload_nb_trans
                0x00802433        0x2 src/ASF/xmega/drivers/usb/usb_device.o
 .bss.udd_ep_control_state
                0x00802435        0x1 src/ASF/xmega/drivers/usb/usb_device.o
 *fill*         0x00802436        0x2 
 .bss.udd_sram  0x00802438       0x40 src/ASF/xmega/drivers/usb/usb_device.o
 .bss.udd_b_idle
                0x00802478        0x1 src/ASF/xmega/drivers/usb/usb_device.o
 .bss.main_b_msc_enable
                0x00802479        0x1 src/main.o
 *(COMMON)
 COMMON         0x0080247a        0x6 src/ASF/common/services/sleepmgr/xmega/sleepmgr.o
                0x0080247a                sleepmgr_locks
 COMMON         0x00802480        0x1 src/ASF/common/services/usb/class/msc/device/udi_msc.o
                0x00802480                udi_msc_b_abort_trans
 COMMON         0x00802481       0x10 src/ASF/xmega/drivers/usb/usb_device.o
                0x00802481                udd_g_ctrlreq
                0x00802491                PROVIDE (__bss_end, .)
                0x0000317a                __data_load_start = LOADADDR (.data)
                0x00003254                __data_load_end = (__data_load_start + SIZEOF (.data))

.noinit         0x00802491        0x0
                [!provide]                PROVIDE (__noinit_start, .)
 *(.noinit*)
                [!provide]                PROVIDE (__noinit_end, .)
                0x00802491                _end = .
                [!provide]                PROVIDE (__heap_start, .)

.eeprom         0x00810000        0x0
 *(.eeprom*)
                0x00810000                __eeprom_end = .

.fuse
 *(.fuse)
 *(.lfuse)
 *(.hfuse)
 *(.efuse)

.lock
 *(.lock*)

.signature
 *(.signature*)

.user_signatures
 *(.user_signatures*)

.stab
 *(.stab)

.stabstr
 *(.stabstr)

.stab.excl
 *(.stab.excl)

.stab.exclstr
 *(.stab.exclstr)

.stab.index
 *(.stab.index)

.stab.indexstr
 *(.stab.indexstr)

.comment        0x00000000       0x30
 *(.comment)
 .comment       0x00000000       0x30 src/ASF/common/services/usb/class/msc/device/example/atxmega32a4u_stk600-rc044x/ui.o
                                 0x31 (size before relaxing)
 .comment       0x00000030       0x31 src/ASF/common/components/memory/data_flash/at45dbx/at45dbx.o
 .comment       0x00000030       0x31 src/ASF/common/components/memory/data_flash/at45dbx/at45dbx_mem.o
 .comment       0x00000030       0x31 src/ASF/common/services/clock/xmega/sysclk.o
 .comment       0x00000030       0x31 src/ASF/common/services/ioport/xmega/ioport_compat.o
 .comment       0x00000030       0x31 src/ASF/common/services/sleepmgr/xmega/sleepmgr.o
 .comment       0x00000030       0x31 src/ASF/common/services/spi/xmega_spi/spi_master.o
 .comment       0x00000030       0x31 src/ASF/common/services/storage/ctrl_access/ctrl_access.o
 .comment       0x00000030       0x31 src/ASF/common/services/usb/class/msc/device/udi_msc.o
 .comment       0x00000030       0x31 src/ASF/common/services/usb/class/msc/device/udi_msc_desc.o
 .comment       0x00000030       0x31 src/ASF/common/services/usb/udc/udc.o
 .comment       0x00000030       0x31 src/ASF/xmega/boards/stk600/rc044x/init.o
 .comment       0x00000030       0x31 src/ASF/xmega/drivers/spi/spi.o
 .comment       0x00000030       0x31 src/ASF/xmega/drivers/usb/usb_device.o
 .comment       0x00000030       0x31 src/main.o
 .comment       0x00000030       0x31 src/memories_initialization_xmega.o

.note.gnu.avr.deviceinfo
                0x00000000       0x40
 .note.gnu.avr.deviceinfo
                0x00000000       0x40 C:/Program Files (x86)/Atmel/Studio/7.0/Packs/atmel/XMEGAA_DFP/1.0.39/gcc/dev/atxmega32a4u/avrxmega2/crtatxmega32a4u.o

.note.gnu.build-id
 *(.note.gnu.build-id)

.debug
 *(.debug)

.line
 *(.line)

.debug_srcinfo
 *(.debug_srcinfo)

.debug_sfnames
 *(.debug_sfnames)

.debug_aranges  0x00000000      0x618
 *(.debug_aranges)
 .debug_aranges
                0x00000000       0x58 src/ASF/common/services/usb/class/msc/device/example/atxmega32a4u_stk600-rc044x/ui.o
 .debug_aranges
                0x00000058       0xc0 src/ASF/common/components/memory/data_flash/at45dbx/at45dbx.o
 .debug_aranges
                0x00000118       0x50 src/ASF/common/components/memory/data_flash/at45dbx/at45dbx_mem.o
 .debug_aranges
                0x00000168       0x40 src/ASF/common/services/clock/xmega/sysclk.o
 .debug_aranges
                0x000001a8       0x20 src/ASF/common/services/ioport/xmega/ioport_compat.o
 .debug_aranges
                0x000001c8       0x18 src/ASF/common/services/sleepmgr/xmega/sleepmgr.o
 .debug_aranges
                0x000001e0       0x48 src/ASF/common/services/spi/xmega_spi/spi_master.o
 .debug_aranges
                0x00000228       0x70 src/ASF/common/services/storage/ctrl_access/ctrl_access.o
 .debug_aranges
                0x00000298       0xe8 src/ASF/common/services/usb/class/msc/device/udi_msc.o
 .debug_aranges
                0x00000380       0x18 src/ASF/common/services/usb/class/msc/device/udi_msc_desc.o
 .debug_aranges
                0x00000398       0x70 src/ASF/common/services/usb/udc/udc.o
 .debug_aranges
                0x00000408       0x20 src/ASF/xmega/boards/stk600/rc044x/init.o
 .debug_aranges
                0x00000428       0x20 src/ASF/xmega/drivers/cpu/ccp.o
 .debug_aranges
                0x00000448       0x28 src/ASF/xmega/drivers/nvm/nvm_asm.o
 .debug_aranges
                0x00000470       0x20 src/ASF/xmega/drivers/spi/spi.o
 .debug_aranges
                0x00000490      0x120 src/ASF/xmega/drivers/usb/usb_device.o
 .debug_aranges
                0x000005b0       0x48 src/main.o
 .debug_aranges
                0x000005f8       0x20 src/memories_initialization_xmega.o

.debug_pubnames
 *(.debug_pubnames)

.debug_info     0x00000000     0x9dbd
 *(.debug_info .gnu.linkonce.wi.*)
 .debug_info    0x00000000      0x8d1 src/ASF/common/services/usb/class/msc/device/example/atxmega32a4u_stk600-rc044x/ui.o
 .debug_info    0x000008d1     0x1246 src/ASF/common/components/memory/data_flash/at45dbx/at45dbx.o
 .debug_info    0x00001b17      0x452 src/ASF/common/components/memory/data_flash/at45dbx/at45dbx_mem.o
 .debug_info    0x00001f69      0xc3c src/ASF/common/services/clock/xmega/sysclk.o
 .debug_info    0x00002ba5      0x11d src/ASF/common/services/ioport/xmega/ioport_compat.o
 .debug_info    0x00002cc2      0x121 src/ASF/common/services/sleepmgr/xmega/sleepmgr.o
 .debug_info    0x00002de3      0xb84 src/ASF/common/services/spi/xmega_spi/spi_master.o
 .debug_info    0x00003967      0x606 src/ASF/common/services/storage/ctrl_access/ctrl_access.o
 .debug_info    0x00003f6d     0x1720 src/ASF/common/services/usb/class/msc/device/udi_msc.o
 .debug_info    0x0000568d      0x5ee src/ASF/common/services/usb/class/msc/device/udi_msc_desc.o
 .debug_info    0x00005c7b     0x115c src/ASF/common/services/usb/udc/udc.o
 .debug_info    0x00006dd7      0x7bf src/ASF/xmega/boards/stk600/rc044x/init.o
 .debug_info    0x00007596       0xa6 src/ASF/xmega/drivers/cpu/ccp.o
 .debug_info    0x0000763c       0xa6 src/ASF/xmega/drivers/nvm/nvm_asm.o
 .debug_info    0x000076e2      0x1b9 src/ASF/xmega/drivers/spi/spi.o
 .debug_info    0x0000789b     0x1e2e src/ASF/xmega/drivers/usb/usb_device.o
 .debug_info    0x000096c9      0x5d9 src/main.o
 .debug_info    0x00009ca2      0x11b src/memories_initialization_xmega.o

.debug_abbrev   0x00000000     0x229b
 *(.debug_abbrev)
 .debug_abbrev  0x00000000      0x19e src/ASF/common/services/usb/class/msc/device/example/atxmega32a4u_stk600-rc044x/ui.o
 .debug_abbrev  0x0000019e      0x374 src/ASF/common/components/memory/data_flash/at45dbx/at45dbx.o
 .debug_abbrev  0x00000512      0x163 src/ASF/common/components/memory/data_flash/at45dbx/at45dbx_mem.o
 .debug_abbrev  0x00000675      0x2bc src/ASF/common/services/clock/xmega/sysclk.o
 .debug_abbrev  0x00000931       0x93 src/ASF/common/services/ioport/xmega/ioport_compat.o
 .debug_abbrev  0x000009c4       0x80 src/ASF/common/services/sleepmgr/xmega/sleepmgr.o
 .debug_abbrev  0x00000a44      0x29c src/ASF/common/services/spi/xmega_spi/spi_master.o
 .debug_abbrev  0x00000ce0      0x1ca src/ASF/common/services/storage/ctrl_access/ctrl_access.o
 .debug_abbrev  0x00000eaa      0x3e8 src/ASF/common/services/usb/class/msc/device/udi_msc.o
 .debug_abbrev  0x00001292       0xef src/ASF/common/services/usb/class/msc/device/udi_msc_desc.o
 .debug_abbrev  0x00001381      0x3c0 src/ASF/common/services/usb/udc/udc.o
 .debug_abbrev  0x00001741      0x160 src/ASF/xmega/boards/stk600/rc044x/init.o
 .debug_abbrev  0x000018a1       0x14 src/ASF/xmega/drivers/cpu/ccp.o
 .debug_abbrev  0x000018b5       0x12 src/ASF/xmega/drivers/nvm/nvm_asm.o
 .debug_abbrev  0x000018c7       0xf6 src/ASF/xmega/drivers/spi/spi.o
 .debug_abbrev  0x000019bd      0x5d4 src/ASF/xmega/drivers/usb/usb_device.o
 .debug_abbrev  0x00001f91      0x25f src/main.o
 .debug_abbrev  0x000021f0       0xab src/memories_initialization_xmega.o

.debug_line     0x00000000     0x8c96
 *(.debug_line .debug_line.* .debug_line_end)
 .debug_line    0x00000000      0xa65 src/ASF/common/services/usb/class/msc/device/example/atxmega32a4u_stk600-rc044x/ui.o
 .debug_line    0x00000a65      0xafb src/ASF/common/components/memory/data_flash/at45dbx/at45dbx.o
 .debug_line    0x00001560      0x724 src/ASF/common/components/memory/data_flash/at45dbx/at45dbx_mem.o
 .debug_line    0x00001c84      0x76e src/ASF/common/services/clock/xmega/sysclk.o
 .debug_line    0x000023f2      0x4b2 src/ASF/common/services/ioport/xmega/ioport_compat.o
 .debug_line    0x000028a4      0x455 src/ASF/common/services/sleepmgr/xmega/sleepmgr.o
 .debug_line    0x00002cf9      0x764 src/ASF/common/services/spi/xmega_spi/spi_master.o
 .debug_line    0x0000345d      0x682 src/ASF/common/services/storage/ctrl_access/ctrl_access.o
 .debug_line    0x00003adf      0xe06 src/ASF/common/services/usb/class/msc/device/udi_msc.o
 .debug_line    0x000048e5      0x4d7 src/ASF/common/services/usb/class/msc/device/udi_msc_desc.o
 .debug_line    0x00004dbc      0xa2f src/ASF/common/services/usb/udc/udc.o
 .debug_line    0x000057eb      0x4d1 src/ASF/xmega/boards/stk600/rc044x/init.o
 .debug_line    0x00005cbc       0x6e src/ASF/xmega/drivers/cpu/ccp.o
 .debug_line    0x00005d2a      0x11f src/ASF/xmega/drivers/nvm/nvm_asm.o
 .debug_line    0x00005e49      0x4f6 src/ASF/xmega/drivers/spi/spi.o
 .debug_line    0x0000633f     0x1514 src/ASF/xmega/drivers/usb/usb_device.o
 .debug_line    0x00007853      0xacd src/main.o
 .debug_line    0x00008320      0x976 src/memories_initialization_xmega.o

.debug_frame    0x00000000      0xef8
 *(.debug_frame)
 .debug_frame   0x00000000       0x94 src/ASF/common/services/usb/class/msc/device/example/atxmega32a4u_stk600-rc044x/ui.o
 .debug_frame   0x00000094      0x278 src/ASF/common/components/memory/data_flash/at45dbx/at45dbx.o
 .debug_frame   0x0000030c       0xac src/ASF/common/components/memory/data_flash/at45dbx/at45dbx_mem.o
 .debug_frame   0x000003b8       0xb0 src/ASF/common/services/clock/xmega/sysclk.o
 .debug_frame   0x00000468       0x30 src/ASF/common/services/ioport/xmega/ioport_compat.o
 .debug_frame   0x00000498       0x9c src/ASF/common/services/spi/xmega_spi/spi_master.o
 .debug_frame   0x00000534      0x10c src/ASF/common/services/storage/ctrl_access/ctrl_access.o
 .debug_frame   0x00000640      0x274 src/ASF/common/services/usb/class/msc/device/udi_msc.o
 .debug_frame   0x000008b4      0x114 src/ASF/common/services/usb/udc/udc.o
 .debug_frame   0x000009c8       0x24 src/ASF/xmega/boards/stk600/rc044x/init.o
 .debug_frame   0x000009ec       0x4c src/ASF/xmega/drivers/spi/spi.o
 .debug_frame   0x00000a38      0x428 src/ASF/xmega/drivers/usb/usb_device.o
 .debug_frame   0x00000e60       0x74 src/main.o
 .debug_frame   0x00000ed4       0x24 src/memories_initialization_xmega.o

.debug_str      0x00000000    0x31c43
 *(.debug_str)
 .debug_str     0x00000000    0x29e1e src/ASF/common/services/usb/class/msc/device/example/atxmega32a4u_stk600-rc044x/ui.o
                              0x2a4c9 (size before relaxing)
 .debug_str     0x00029e1e     0x10a7 src/ASF/common/components/memory/data_flash/at45dbx/at45dbx.o
                              0x2776e (size before relaxing)
 .debug_str     0x0002aec5      0x11f src/ASF/common/components/memory/data_flash/at45dbx/at45dbx_mem.o
                              0x28cb0 (size before relaxing)
 .debug_str     0x0002afe4      0x7f8 src/ASF/common/services/clock/xmega/sysclk.o
                              0x273fe (size before relaxing)
 .debug_str     0x0002b7dc       0xab src/ASF/common/services/ioport/xmega/ioport_compat.o
                              0x25a13 (size before relaxing)
 .debug_str     0x0002b887       0x96 src/ASF/common/services/sleepmgr/xmega/sleepmgr.o
                              0x2576b (size before relaxing)
 .debug_str     0x0002b91d      0x14c src/ASF/common/services/spi/xmega_spi/spi_master.o
                              0x27786 (size before relaxing)
 .debug_str     0x0002ba69      0x227 src/ASF/common/services/storage/ctrl_access/ctrl_access.o
                              0x26f4b (size before relaxing)
 .debug_str     0x0002bc90     0x1949 src/ASF/common/services/usb/class/msc/device/udi_msc.o
                              0x2a3c8 (size before relaxing)
 .debug_str     0x0002d5d9      0x46b src/ASF/common/services/usb/class/msc/device/udi_msc_desc.o
                              0x27596 (size before relaxing)
 .debug_str     0x0002da44      0x7e0 src/ASF/common/services/usb/udc/udc.o
                              0x27d08 (size before relaxing)
 .debug_str     0x0002e224       0x78 src/ASF/xmega/boards/stk600/rc044x/init.o
                              0x2677f (size before relaxing)
 .debug_str     0x0002e29c       0xba src/ASF/xmega/drivers/spi/spi.o
                              0x25a92 (size before relaxing)
 .debug_str     0x0002e356     0x377f src/ASF/xmega/drivers/usb/usb_device.o
                              0x2cbe1 (size before relaxing)
 .debug_str     0x00031ad5      0x147 src/main.o
                              0x2a587 (size before relaxing)
 .debug_str     0x00031c1c       0x27 src/memories_initialization_xmega.o
                              0x2a407 (size before relaxing)

.debug_loc      0x00000000     0x3f52
 *(.debug_loc)
 .debug_loc     0x00000000       0x64 src/ASF/common/services/usb/class/msc/device/example/atxmega32a4u_stk600-rc044x/ui.o
 .debug_loc     0x00000064      0xb06 src/ASF/common/components/memory/data_flash/at45dbx/at45dbx.o
 .debug_loc     0x00000b6a      0x23a src/ASF/common/components/memory/data_flash/at45dbx/at45dbx_mem.o
 .debug_loc     0x00000da4      0x37b src/ASF/common/services/clock/xmega/sysclk.o
 .debug_loc     0x0000111f       0x66 src/ASF/common/services/ioport/xmega/ioport_compat.o
 .debug_loc     0x00001185      0x537 src/ASF/common/services/spi/xmega_spi/spi_master.o
 .debug_loc     0x000016bc      0x474 src/ASF/common/services/storage/ctrl_access/ctrl_access.o
 .debug_loc     0x00001b30      0xa7b src/ASF/common/services/usb/class/msc/device/udi_msc.o
 .debug_loc     0x000025ab      0x4eb src/ASF/common/services/usb/udc/udc.o
 .debug_loc     0x00002a96      0x105 src/ASF/xmega/drivers/spi/spi.o
 .debug_loc     0x00002b9b     0x1289 src/ASF/xmega/drivers/usb/usb_device.o
 .debug_loc     0x00003e24      0x12e src/main.o

.debug_macinfo
 *(.debug_macinfo)

.debug_weaknames
 *(.debug_weaknames)

.debug_funcnames
 *(.debug_funcnames)

.debug_typenames
 *(.debug_typenames)

.debug_varnames
 *(.debug_varnames)

.debug_pubtypes
 *(.debug_pubtypes)

.debug_ranges   0x00000000      0x5f8
 *(.debug_ranges)
 .debug_ranges  0x00000000       0x48 src/ASF/common/services/usb/class/msc/device/example/atxmega32a4u_stk600-rc044x/ui.o
 .debug_ranges  0x00000048       0xb0 src/ASF/common/components/memory/data_flash/at45dbx/at45dbx.o
 .debug_ranges  0x000000f8       0x40 src/ASF/common/components/memory/data_flash/at45dbx/at45dbx_mem.o
 .debug_ranges  0x00000138       0x30 src/ASF/common/services/clock/xmega/sysclk.o
 .debug_ranges  0x00000168       0x10 src/ASF/common/services/ioport/xmega/ioport_compat.o
 .debug_ranges  0x00000178       0x38 src/ASF/common/services/spi/xmega_spi/spi_master.o
 .debug_ranges  0x000001b0       0x60 src/ASF/common/services/storage/ctrl_access/ctrl_access.o
 .debug_ranges  0x00000210       0xf0 src/ASF/common/services/usb/class/msc/device/udi_msc.o
 .debug_ranges  0x00000300       0xb0 src/ASF/common/services/usb/udc/udc.o
 .debug_ranges  0x000003b0       0x10 src/ASF/xmega/boards/stk600/rc044x/init.o
 .debug_ranges  0x000003c0       0x20 src/ASF/xmega/drivers/nvm/nvm_asm.o
 .debug_ranges  0x000003e0       0x10 src/ASF/xmega/drivers/spi/spi.o
 .debug_ranges  0x000003f0      0x140 src/ASF/xmega/drivers/usb/usb_device.o
 .debug_ranges  0x00000530       0xb8 src/main.o
 .debug_ranges  0x000005e8       0x10 src/memories_initialization_xmega.o

.debug_macro    0x00000000     0xc27c
 *(.debug_macro)
 .debug_macro   0x00000000      0x370 src/ASF/common/services/usb/class/msc/device/example/atxmega32a4u_stk600-rc044x/ui.o
 .debug_macro   0x00000370      0xa6c src/ASF/common/services/usb/class/msc/device/example/atxmega32a4u_stk600-rc044x/ui.o
 .debug_macro   0x00000ddc       0x10 src/ASF/common/services/usb/class/msc/device/example/atxmega32a4u_stk600-rc044x/ui.o
 .debug_macro   0x00000dec      0x1c9 src/ASF/common/services/usb/class/msc/device/example/atxmega32a4u_stk600-rc044x/ui.o
 .debug_macro   0x00000fb5      0x2fc src/ASF/common/services/usb/class/msc/device/example/atxmega32a4u_stk600-rc044x/ui.o
 .debug_macro   0x000012b1       0x9e src/ASF/common/services/usb/class/msc/device/example/atxmega32a4u_stk600-rc044x/ui.o
 .debug_macro   0x0000134f     0x5623 src/ASF/common/services/usb/class/msc/device/example/atxmega32a4u_stk600-rc044x/ui.o
 .debug_macro   0x00006972       0x9a src/ASF/common/services/usb/class/msc/device/example/atxmega32a4u_stk600-rc044x/ui.o
 .debug_macro   0x00006a0c       0xf1 src/ASF/common/services/usb/class/msc/device/example/atxmega32a4u_stk600-rc044x/ui.o
 .debug_macro   0x00006afd       0x34 src/ASF/common/services/usb/class/msc/device/example/atxmega32a4u_stk600-rc044x/ui.o
 .debug_macro   0x00006b31       0x10 src/ASF/common/services/usb/class/msc/device/example/atxmega32a4u_stk600-rc044x/ui.o
 .debug_macro   0x00006b41       0x18 src/ASF/common/services/usb/class/msc/device/example/atxmega32a4u_stk600-rc044x/ui.o
 .debug_macro   0x00006b59       0x5e src/ASF/common/services/usb/class/msc/device/example/atxmega32a4u_stk600-rc044x/ui.o
 .debug_macro   0x00006bb7       0x10 src/ASF/common/services/usb/class/msc/device/example/atxmega32a4u_stk600-rc044x/ui.o
 .debug_macro   0x00006bc7       0x22 src/ASF/common/services/usb/class/msc/device/example/atxmega32a4u_stk600-rc044x/ui.o
 .debug_macro   0x00006be9      0x166 src/ASF/common/services/usb/class/msc/device/example/atxmega32a4u_stk600-rc044x/ui.o
 .debug_macro   0x00006d4f       0x1c src/ASF/common/services/usb/class/msc/device/example/atxmega32a4u_stk600-rc044x/ui.o
 .debug_macro   0x00006d6b       0x35 src/ASF/common/services/usb/class/msc/device/example/atxmega32a4u_stk600-rc044x/ui.o
 .debug_macro   0x00006da0       0x66 src/ASF/common/services/usb/class/msc/device/example/atxmega32a4u_stk600-rc044x/ui.o
 .debug_macro   0x00006e06      0x64b src/ASF/common/services/usb/class/msc/device/example/atxmega32a4u_stk600-rc044x/ui.o
 .debug_macro   0x00007451       0x97 src/ASF/common/services/usb/class/msc/device/example/atxmega32a4u_stk600-rc044x/ui.o
 .debug_macro   0x000074e8       0x17 src/ASF/common/services/usb/class/msc/device/example/atxmega32a4u_stk600-rc044x/ui.o
 .debug_macro   0x000074ff      0x250 src/ASF/common/services/usb/class/msc/device/example/atxmega32a4u_stk600-rc044x/ui.o
 .debug_macro   0x0000774f       0x76 src/ASF/common/services/usb/class/msc/device/example/atxmega32a4u_stk600-rc044x/ui.o
 .debug_macro   0x000077c5       0x16 src/ASF/common/services/usb/class/msc/device/example/atxmega32a4u_stk600-rc044x/ui.o
 .debug_macro   0x000077db      0x6e3 src/ASF/common/services/usb/class/msc/device/example/atxmega32a4u_stk600-rc044x/ui.o
 .debug_macro   0x00007ebe       0x10 src/ASF/common/services/usb/class/msc/device/example/atxmega32a4u_stk600-rc044x/ui.o
 .debug_macro   0x00007ece      0x175 src/ASF/common/services/usb/class/msc/device/example/atxmega32a4u_stk600-rc044x/ui.o
 .debug_macro   0x00008043       0x40 src/ASF/common/services/usb/class/msc/device/example/atxmega32a4u_stk600-rc044x/ui.o
 .debug_macro   0x00008083       0x69 src/ASF/common/services/usb/class/msc/device/example/atxmega32a4u_stk600-rc044x/ui.o
 .debug_macro   0x000080ec       0x32 src/ASF/common/services/usb/class/msc/device/example/atxmega32a4u_stk600-rc044x/ui.o
 .debug_macro   0x0000811e       0xe4 src/ASF/common/services/usb/class/msc/device/example/atxmega32a4u_stk600-rc044x/ui.o
 .debug_macro   0x00008202       0x34 src/ASF/common/services/usb/class/msc/device/example/atxmega32a4u_stk600-rc044x/ui.o
 .debug_macro   0x00008236       0x7c src/ASF/common/services/usb/class/msc/device/example/atxmega32a4u_stk600-rc044x/ui.o
 .debug_macro   0x000082b2      0x109 src/ASF/common/services/usb/class/msc/device/example/atxmega32a4u_stk600-rc044x/ui.o
 .debug_macro   0x000083bb       0x40 src/ASF/common/services/usb/class/msc/device/example/atxmega32a4u_stk600-rc044x/ui.o
 .debug_macro   0x000083fb      0x2c6 src/ASF/common/services/usb/class/msc/device/example/atxmega32a4u_stk600-rc044x/ui.o
 .debug_macro   0x000086c1       0x94 src/ASF/common/services/usb/class/msc/device/example/atxmega32a4u_stk600-rc044x/ui.o
 .debug_macro   0x00008755      0x1f2 src/ASF/common/services/usb/class/msc/device/example/atxmega32a4u_stk600-rc044x/ui.o
 .debug_macro   0x00008947       0x35 src/ASF/common/services/usb/class/msc/device/example/atxmega32a4u_stk600-rc044x/ui.o
 .debug_macro   0x0000897c       0x4f src/ASF/common/services/usb/class/msc/device/example/atxmega32a4u_stk600-rc044x/ui.o
 .debug_macro   0x000089cb       0x26 src/ASF/common/services/usb/class/msc/device/example/atxmega32a4u_stk600-rc044x/ui.o
 .debug_macro   0x000089f1       0x2e src/ASF/common/services/usb/class/msc/device/example/atxmega32a4u_stk600-rc044x/ui.o
 .debug_macro   0x00008a1f       0x1c src/ASF/common/services/usb/class/msc/device/example/atxmega32a4u_stk600-rc044x/ui.o
 .debug_macro   0x00008a3b       0x42 src/ASF/common/services/usb/class/msc/device/example/atxmega32a4u_stk600-rc044x/ui.o
 .debug_macro   0x00008a7d       0x10 src/ASF/common/services/usb/class/msc/device/example/atxmega32a4u_stk600-rc044x/ui.o
 .debug_macro   0x00008a8d       0x2e src/ASF/common/services/usb/class/msc/device/example/atxmega32a4u_stk600-rc044x/ui.o
 .debug_macro   0x00008abb       0x7d src/ASF/common/services/usb/class/msc/device/example/atxmega32a4u_stk600-rc044x/ui.o
 .debug_macro   0x00008b38       0x2f src/ASF/common/services/usb/class/msc/device/example/atxmega32a4u_stk600-rc044x/ui.o
 .debug_macro   0x00008b67      0x154 src/ASF/common/services/usb/class/msc/device/example/atxmega32a4u_stk600-rc044x/ui.o
 .debug_macro   0x00008cbb       0x71 src/ASF/common/services/usb/class/msc/device/example/atxmega32a4u_stk600-rc044x/ui.o
 .debug_macro   0x00008d2c       0x2e src/ASF/common/services/usb/class/msc/device/example/atxmega32a4u_stk600-rc044x/ui.o
 .debug_macro   0x00008d5a      0x24b src/ASF/common/services/usb/class/msc/device/example/atxmega32a4u_stk600-rc044x/ui.o
 .debug_macro   0x00008fa5      0x162 src/ASF/common/services/usb/class/msc/device/example/atxmega32a4u_stk600-rc044x/ui.o
 .debug_macro   0x00009107       0x80 src/ASF/common/services/usb/class/msc/device/example/atxmega32a4u_stk600-rc044x/ui.o
 .debug_macro   0x00009187       0x16 src/ASF/common/services/usb/class/msc/device/example/atxmega32a4u_stk600-rc044x/ui.o
 .debug_macro   0x0000919d       0x1c src/ASF/common/services/usb/class/msc/device/example/atxmega32a4u_stk600-rc044x/ui.o
 .debug_macro   0x000091b9       0x28 src/ASF/common/services/usb/class/msc/device/example/atxmega32a4u_stk600-rc044x/ui.o
 .debug_macro   0x000091e1      0x359 src/ASF/common/components/memory/data_flash/at45dbx/at45dbx.o
 .debug_macro   0x0000953a       0x2e src/ASF/common/components/memory/data_flash/at45dbx/at45dbx.o
 .debug_macro   0x00009568       0x2e src/ASF/common/components/memory/data_flash/at45dbx/at45dbx.o
 .debug_macro   0x00009596       0x62 src/ASF/common/components/memory/data_flash/at45dbx/at45dbx.o
 .debug_macro   0x000095f8      0x24b src/ASF/common/components/memory/data_flash/at45dbx/at45dbx_mem.o
 .debug_macro   0x00009843      0x1ec src/ASF/common/components/memory/data_flash/at45dbx/at45dbx_mem.o
 .debug_macro   0x00009a2f       0x34 src/ASF/common/components/memory/data_flash/at45dbx/at45dbx_mem.o
 .debug_macro   0x00009a63       0x34 src/ASF/common/components/memory/data_flash/at45dbx/at45dbx_mem.o
 .debug_macro   0x00009a97       0x55 src/ASF/common/components/memory/data_flash/at45dbx/at45dbx_mem.o
 .debug_macro   0x00009aec      0x1db src/ASF/common/services/clock/xmega/sysclk.o
 .debug_macro   0x00009cc7      0x195 src/ASF/common/services/ioport/xmega/ioport_compat.o
 .debug_macro   0x00009e5c      0x1a3 src/ASF/common/services/sleepmgr/xmega/sleepmgr.o
 .debug_macro   0x00009fff      0x227 src/ASF/common/services/spi/xmega_spi/spi_master.o
 .debug_macro   0x0000a226      0x1d0 src/ASF/common/services/storage/ctrl_access/ctrl_access.o
 .debug_macro   0x0000a3f6      0x289 src/ASF/common/services/usb/class/msc/device/udi_msc.o
 .debug_macro   0x0000a67f       0x6b src/ASF/common/services/usb/class/msc/device/udi_msc.o
 .debug_macro   0x0000a6ea      0x222 src/ASF/common/services/usb/class/msc/device/udi_msc.o
 .debug_macro   0x0000a90c       0xd6 src/ASF/common/services/usb/class/msc/device/udi_msc.o
 .debug_macro   0x0000a9e2       0x16 src/ASF/common/services/usb/class/msc/device/udi_msc.o
 .debug_macro   0x0000a9f8      0x1fb src/ASF/common/services/usb/class/msc/device/udi_msc_desc.o
 .debug_macro   0x0000abf3      0x216 src/ASF/common/services/usb/udc/udc.o
 .debug_macro   0x0000ae09      0x1bb src/ASF/xmega/boards/stk600/rc044x/init.o
 .debug_macro   0x0000afc4      0x2c0 src/ASF/xmega/boards/stk600/rc044x/init.o
 .debug_macro   0x0000b284       0x10 src/ASF/xmega/boards/stk600/rc044x/init.o
 .debug_macro   0x0000b294      0x1a9 src/ASF/xmega/drivers/spi/spi.o
 .debug_macro   0x0000b43d      0x2db src/ASF/xmega/drivers/usb/usb_device.o
 .debug_macro   0x0000b718      0x46a src/ASF/xmega/drivers/usb/usb_device.o
 .debug_macro   0x0000bb82      0x374 src/main.o
 .debug_macro   0x0000bef6      0x386 src/memories_initialization_xmega.o
OUTPUT(DEVICE_EXAMPLE1_msc.elf elf32-avr)
LOAD linker stubs

.BOOT           0x00008000        0x0
