Archive member included to satisfy reference by file (symbol)

c:/program files (x86)/atmel/studio/7.0/toolchain/avr8/avr8-gnu-toolchain/bin/../lib/gcc/avr/4.9.2/avrxmega2\libgcc.a(_udivmodhi4.o)
                              src/ASF/xmega/drivers/usb/usb_device.o (__udivmodhi4)
c:/program files (x86)/atmel/studio/7.0/toolchain/avr8/avr8-gnu-toolchain/bin/../lib/gcc/avr/4.9.2/avrxmega2\libgcc.a(_udivmodsi4.o)
                              src/ASF/xmega/drivers/usart/usart.o (__udivmodsi4)
c:/program files (x86)/atmel/studio/7.0/toolchain/avr8/avr8-gnu-toolchain/bin/../lib/gcc/avr/4.9.2/avrxmega2\libgcc.a(_exit.o)
                              C:/Program Files (x86)/Atmel/Studio/7.0/Packs/atmel/XMEGAA_DFP/1.0.39/gcc/dev/atxmega32a4u/avrxmega2/crtatxmega32a4u.o (exit)
c:/program files (x86)/atmel/studio/7.0/toolchain/avr8/avr8-gnu-toolchain/bin/../lib/gcc/avr/4.9.2/avrxmega2\libgcc.a(_tablejump2.o)
                              src/ASF/xmega/drivers/usb/usb_device.o (__tablejump2__)
c:/program files (x86)/atmel/studio/7.0/toolchain/avr8/avr8-gnu-toolchain/bin/../lib/gcc/avr/4.9.2/avrxmega2\libgcc.a(_copy_data.o)
                              src/ASF/common/services/sleepmgr/xmega/sleepmgr.o (__do_copy_data)
c:/program files (x86)/atmel/studio/7.0/toolchain/avr8/avr8-gnu-toolchain/bin/../lib/gcc/avr/4.9.2/avrxmega2\libgcc.a(_clear_bss.o)
                              src/ASF/common/services/sleepmgr/xmega/sleepmgr.o (__do_clear_bss)
c:/program files (x86)/atmel/studio/7.0/toolchain/avr8/avr8-gnu-toolchain/bin/../lib/gcc/avr/4.9.2/../../../../avr/lib/avrxmega2\libc.a(memcpy.o)
                              src/ASF/common/services/usb/class/cdc/device/udi_cdc.o (memcpy)

Allocating common symbols
Common symbol       size              file

udd_g_ctrlreq       0x10              src/ASF/xmega/drivers/usb/usb_device.o
sleepmgr_locks      0x6               src/ASF/common/services/sleepmgr/xmega/sleepmgr.o

Discarded input sections

 .data          0x00000000        0x0 C:/Program Files (x86)/Atmel/Studio/7.0/Packs/atmel/XMEGAA_DFP/1.0.39/gcc/dev/atxmega32a4u/avrxmega2/crtatxmega32a4u.o
 .bss           0x00000000        0x0 C:/Program Files (x86)/Atmel/Studio/7.0/Packs/atmel/XMEGAA_DFP/1.0.39/gcc/dev/atxmega32a4u/avrxmega2/crtatxmega32a4u.o
 .group         0x00000000        0x8 src/ASF/common/services/usb/class/cdc/device/example/atxmega32a4u_stk600-rc044x/ui.o
 .group         0x00000000        0x8 src/ASF/common/services/usb/class/cdc/device/example/atxmega32a4u_stk600-rc044x/ui.o
 .group         0x00000000        0x8 src/ASF/common/services/usb/class/cdc/device/example/atxmega32a4u_stk600-rc044x/ui.o
 .group         0x00000000        0x8 src/ASF/common/services/usb/class/cdc/device/example/atxmega32a4u_stk600-rc044x/ui.o
 .group         0x00000000        0x8 src/ASF/common/services/usb/class/cdc/device/example/atxmega32a4u_stk600-rc044x/ui.o
 .group         0x00000000        0x8 src/ASF/common/services/usb/class/cdc/device/example/atxmega32a4u_stk600-rc044x/ui.o
 .group         0x00000000        0x8 src/ASF/common/services/usb/class/cdc/device/example/atxmega32a4u_stk600-rc044x/ui.o
 .group         0x00000000        0x8 src/ASF/common/services/usb/class/cdc/device/example/atxmega32a4u_stk600-rc044x/ui.o
 .group         0x00000000        0x8 src/ASF/common/services/usb/class/cdc/device/example/atxmega32a4u_stk600-rc044x/ui.o
 .group         0x00000000        0x8 src/ASF/common/services/usb/class/cdc/device/example/atxmega32a4u_stk600-rc044x/ui.o
 .group         0x00000000        0x8 src/ASF/common/services/usb/class/cdc/device/example/atxmega32a4u_stk600-rc044x/ui.o
 .group         0x00000000        0x8 src/ASF/common/services/usb/class/cdc/device/example/atxmega32a4u_stk600-rc044x/ui.o
 .group         0x00000000        0x8 src/ASF/common/services/usb/class/cdc/device/example/atxmega32a4u_stk600-rc044x/ui.o
 .group         0x00000000        0x8 src/ASF/common/services/usb/class/cdc/device/example/atxmega32a4u_stk600-rc044x/ui.o
 .group         0x00000000        0x8 src/ASF/common/services/usb/class/cdc/device/example/atxmega32a4u_stk600-rc044x/ui.o
 .group         0x00000000        0x8 src/ASF/common/services/usb/class/cdc/device/example/atxmega32a4u_stk600-rc044x/ui.o
 .group         0x00000000        0x8 src/ASF/common/services/usb/class/cdc/device/example/atxmega32a4u_stk600-rc044x/ui.o
 .group         0x00000000        0x8 src/ASF/common/services/usb/class/cdc/device/example/atxmega32a4u_stk600-rc044x/ui.o
 .group         0x00000000        0x8 src/ASF/common/services/usb/class/cdc/device/example/atxmega32a4u_stk600-rc044x/ui.o
 .group         0x00000000        0x8 src/ASF/common/services/usb/class/cdc/device/example/atxmega32a4u_stk600-rc044x/ui.o
 .group         0x00000000        0x8 src/ASF/common/services/usb/class/cdc/device/example/atxmega32a4u_stk600-rc044x/ui.o
 .group         0x00000000        0x8 src/ASF/common/services/usb/class/cdc/device/example/atxmega32a4u_stk600-rc044x/ui.o
[...]
Memory Configuration

Name             Origin             Length             Attributes
text             0x00000000         0x00100000         xr
data             0x00802000         0x0000ffa0         rw !x
eeprom           0x00810000         0x00010000         rw !x
fuse             0x00820000         0x00000400         rw !x
lock             0x00830000         0x00000400         rw !x
signature        0x00840000         0x00000400         rw !x
user_signatures  0x00850000         0x00000400         rw !x
*default*        0x00000000         0xffffffff

Linker script and memory map

LOAD C:/Program Files (x86)/Atmel/Studio/7.0/Packs/atmel/XMEGAA_DFP/1.0.39/gcc/dev/atxmega32a4u/avrxmega2/crtatxmega32a4u.o
LOAD src/ASF/common/services/usb/class/cdc/device/example/atxmega32a4u_stk600-rc044x/ui.o
LOAD src/ASF/common/services/clock/xmega/sysclk.o
LOAD src/ASF/common/services/ioport/xmega/ioport_compat.o
LOAD src/ASF/common/services/sleepmgr/xmega/sleepmgr.o
LOAD src/ASF/common/services/usb/class/cdc/device/udi_cdc.o
LOAD src/ASF/common/services/usb/class/cdc/device/udi_cdc_desc.o
LOAD src/ASF/common/services/usb/udc/udc.o
LOAD src/ASF/xmega/boards/stk600/rc044x/init.o
LOAD src/ASF/xmega/drivers/cpu/ccp.o
LOAD src/ASF/xmega/drivers/nvm/nvm.o
LOAD src/ASF/xmega/drivers/nvm/nvm_asm.o
LOAD src/ASF/xmega/drivers/usart/usart.o
LOAD src/ASF/xmega/drivers/usb/usb_device.o
LOAD src/main.o
LOAD src/uart_xmega.o
START GROUP
LOAD c:/program files (x86)/atmel/studio/7.0/toolchain/avr8/avr8-gnu-toolchain/bin/../lib/gcc/avr/4.9.2/../../../../avr/lib/avrxmega2\libm.a
END GROUP
Address of section .BOOT set to 0x8000
START GROUP
LOAD c:/program files (x86)/atmel/studio/7.0/toolchain/avr8/avr8-gnu-toolchain/bin/../lib/gcc/avr/4.9.2/avrxmega2\libgcc.a
LOAD c:/program files (x86)/atmel/studio/7.0/toolchain/avr8/avr8-gnu-toolchain/bin/../lib/gcc/avr/4.9.2/../../../../avr/lib/avrxmega2\libm.a
LOAD c:/program files (x86)/atmel/studio/7.0/toolchain/avr8/avr8-gnu-toolchain/bin/../lib/gcc/avr/4.9.2/../../../../avr/lib/avrxmega2\libc.a
LOAD C:/Program Files (x86)/Atmel/Studio/7.0/Packs/atmel/XMEGAA_DFP/1.0.39/gcc/dev/atxmega32a4u/avrxmega2\libatxmega32a4u.a
END GROUP
                0x00100000                __TEXT_REGION_LENGTH__ = DEFINED (__TEXT_REGION_LENGTH__)?__TEXT_REGION_LENGTH__:0x100000
                0x0000ffa0                __DATA_REGION_LENGTH__ = DEFINED (__DATA_REGION_LENGTH__)?__DATA_REGION_LENGTH__:0xffa0
                0x00010000                __EEPROM_REGION_LENGTH__ = DEFINED (__EEPROM_REGION_LENGTH__)?__EEPROM_REGION_LENGTH__:0x10000
                0x00000400                __FUSE_REGION_LENGTH__ = DEFINED (__FUSE_REGION_LENGTH__)?__FUSE_REGION_LENGTH__:0x400
                0x00000400                __LOCK_REGION_LENGTH__ = DEFINED (__LOCK_REGION_LENGTH__)?__LOCK_REGION_LENGTH__:0x400
                0x00000400                __SIGNATURE_REGION_LENGTH__ = DEFINED (__SIGNATURE_REGION_LENGTH__)?__SIGNATURE_REGION_LENGTH__:0x400
                0x00000400                __USER_SIGNATURE_REGION_LENGTH__ = DEFINED (__USER_SIGNATURE_REGION_LENGTH__)?__USER_SIGNATURE_REGION_LENGTH__:0x400

.hash
 *(.hash)

.dynsym
 *(.dynsym)

.dynstr
 *(.dynstr)

.gnu.version
 *(.gnu.version)

.gnu.version_d
 *(.gnu.version_d)

.gnu.version_r
 *(.gnu.version_r)

.rel.init
 *(.rel.init)

.rela.init
 *(.rela.init)

.rel.text
 *(.rel.text)
 *(.rel.text.*)
 *(.rel.gnu.linkonce.t*)

.rela.text
 *(.rela.text)
 *(.rela.text.*)
 *(.rela.gnu.linkonce.t*)

.rel.fini
 *(.rel.fini)

.rela.fini
 *(.rela.fini)

.rel.rodata
 *(.rel.rodata)
 *(.rel.rodata.*)
 *(.rel.gnu.linkonce.r*)

.rela.rodata
 *(.rela.rodata)
 *(.rela.rodata.*)
 *(.rela.gnu.linkonce.r*)

.rel.data
 *(.rel.data)
 *(.rel.data.*)
 *(.rel.gnu.linkonce.d*)

.rela.data
 *(.rela.data)
 *(.rela.data.*)
 *(.rela.gnu.linkonce.d*)

.rel.ctors
 *(.rel.ctors)

.rela.ctors
 *(.rela.ctors)

.rel.dtors
 *(.rel.dtors)

.rela.dtors
 *(.rela.dtors)

.rel.got
 *(.rel.got)

.rela.got
 *(.rela.got)

.rel.bss
 *(.rel.bss)

.rela.bss
 *(.rela.bss)

.rel.plt
 *(.rel.plt)

.rela.plt
 *(.rela.plt)

.text           0x00000000     0x2726
 *(.vectors)
 .vectors       0x00000000      0x1fc C:/Program Files (x86)/Atmel/Studio/7.0/Packs/atmel/XMEGAA_DFP/1.0.39/gcc/dev/atxmega32a4u/avrxmega2/crtatxmega32a4u.o
                0x00000000                __vector_default
                0x00000000                __vectors
 *(.vectors)
 *(.progmem.gcc*)
 .progmem.gcc_sw_table.udd_ep_get_size
                0x000001fc        0xe src/ASF/xmega/drivers/usb/usb_device.o
                0x0000020a                . = ALIGN (0x2)
                0x0000020a                __trampolines_start = .
 *(.trampolines)
 .trampolines   0x0000020a        0x0 linker stubs
 *(.trampolines*)
                0x0000020a                __trampolines_end = .
 *libprintf_flt.a:*(.progmem.data)
 *libc.a:*(.progmem.data)
 *(.progmem*)
                0x0000020a                . = ALIGN (0x2)
 *(.jumptables)
 *(.jumptables*)
 *(.lowtext)
 *(.lowtext*)
                0x0000020a                __ctors_start = .
 *(.ctors)
                0x0000020a                __ctors_end = .
                0x0000020a                __dtors_start = .
 *(.dtors)
                0x0000020a                __dtors_end = .
 SORT(*)(.ctors)
 SORT(*)(.dtors)
 *(.init0)
 .init0         0x0000020a        0x0 C:/Program Files (x86)/Atmel/Studio/7.0/Packs/atmel/XMEGAA_DFP/1.0.39/gcc/dev/atxmega32a4u/avrxmega2/crtatxmega32a4u.o
                0x0000020a                __init
 *(.init0)
 *(.init1)
 *(.init1)
 *(.init2)
 .init2         0x0000020a        0xc C:/Program Files (x86)/Atmel/Studio/7.0/Packs/atmel/XMEGAA_DFP/1.0.39/gcc/dev/atxmega32a4u/avrxmega2/crtatxmega32a4u.o
 *(.init2)
 *(.init3)
 *(.init3)
 *(.init4)
 .init4         0x00000216       0x16 c:/program files (x86)/atmel/studio/7.0/toolchain/avr8/avr8-gnu-toolchain/bin/../lib/gcc/avr/4.9.2/avrxmega2\libgcc.a(_copy_data.o)
                0x00000216                __do_copy_data
 .init4         0x0000022c       0x10 c:/program files (x86)/atmel/studio/7.0/toolchain/avr8/avr8-gnu-toolchain/bin/../lib/gcc/avr/4.9.2/avrxmega2\libgcc.a(_clear_bss.o)
                0x0000022c                __do_clear_bss
 *(.init4)
 *(.init5)
 *(.init5)
 *(.init6)
 *(.init6)
 *(.init7)
 *(.init7)
 *(.init8)
 *(.init8)
 *(.init9)
 .init9         0x0000023c        0x8 C:/Program Files (x86)/Atmel/Studio/7.0/Packs/atmel/XMEGAA_DFP/1.0.39/gcc/dev/atxmega32a4u/avrxmega2/crtatxmega32a4u.o
 *(.init9)
 *(.text)
 .text          0x00000244        0x2 C:/Program Files (x86)/Atmel/Studio/7.0/Packs/atmel/XMEGAA_DFP/1.0.39/gcc/dev/atxmega32a4u/avrxmega2/crtatxmega32a4u.o
                0x00000244                __vector_38
                0x00000244                __vector_104
                0x00000244                __vector_22
                0x00000244                __vector_63
                0x00000244                __vector_28
                0x00000244                __vector_67
                0x00000244                __vector_1
                0x00000244                __vector_119
                0x00000244                __vector_32
                0x00000244                __vector_75
                0x00000244                __vector_71
                0x00000244                __vector_91
                0x00000244                __vector_34
                0x00000244                __vector_62
                0x00000244                __vector_77
                0x00000244                __vector_102
                0x00000244                __vector_24
                0x00000244                __vector_12
                0x00000244                __vector_55
                0x00000244                __vector_69
                0x00000244                __vector_81
                0x00000244                __vector_90
                0x00000244                __vector_46
                0x00000244                __bad_interrupt
                0x00000244                __vector_122
                0x00000244                __vector_72
                0x00000244                __vector_114
                0x00000244                __vector_6
                0x00000244                __vector_110
                0x00000244                __vector_31
                0x00000244                __vector_92
                0x00000244                __vector_35
                0x00000244                __vector_78
                0x00000244                __vector_74
                0x00000244                __vector_117
                0x00000244                __vector_39
                0x00000244                __vector_107
                0x00000244                __vector_3
                0x00000244                __vector_105
                0x00000244                __vector_98
                0x00000244                __vector_23
                0x00000244                __vector_68
                0x00000244                __vector_30
                0x00000244                __vector_73
                0x00000244                __vector_45
                0x00000244                __vector_93
                0x00000244                __vector_61
                0x00000244                __vector_11
                0x00000244                __vector_54
                0x00000244                __vector_99
                0x00000244                __vector_13
                0x00000244                __vector_17
                0x00000244                __vector_19
                0x00000244                __vector_56
                0x00000244                __vector_7
                0x00000244                __vector_49
                0x00000244                __vector_123
                0x00000244                __vector_41
                0x00000244                __vector_86
                0x00000244                __vector_100
                0x00000244                __vector_101
                0x00000244                __vector_64
                0x00000244                __vector_88
                0x00000244                __vector_109
                0x00000244                __vector_43
                0x00000244                __vector_27
                0x00000244                __vector_5
                0x00000244                __vector_113
                0x00000244                __vector_33
                0x00000244                __vector_76
                0x00000244                __vector_115
                0x00000244                __vector_47
                0x00000244                __vector_52
                0x00000244                __vector_37
                0x00000244                __vector_95
                0x00000244                __vector_103
                0x00000244                __vector_96
                0x00000244                __vector_89
                0x00000244                __vector_108
                0x00000244                __vector_4
                0x00000244                __vector_44
                0x00000244                __vector_82
                0x00000244                __vector_106
                0x00000244                __vector_118
                0x00000244                __vector_51
                0x00000244                __vector_9
                0x00000244                __vector_2
                0x00000244                __vector_21
                0x00000244                __vector_15
                0x00000244                __vector_66
                0x00000244                __vector_36
                0x00000244                __vector_79
                0x00000244                __vector_58
                0x00000244                __vector_70
                0x00000244                __vector_83
                0x00000244                __vector_29
                0x00000244                __vector_60
                0x00000244                __vector_121
                0x00000244                __vector_40
                0x00000244                __vector_85
                0x00000244                __vector_94
                0x00000244                __vector_8
                0x00000244                __vector_48
                0x00000244                __vector_124
                0x00000244                __vector_116
                0x00000244                __vector_112
                0x00000244                __vector_111
                0x00000244                __vector_80
                0x00000244                __vector_14
                0x00000244                __vector_84
                0x00000244                __vector_57
                0x00000244                __vector_53
                0x00000244                __vector_10
                0x00000244                __vector_50
                0x00000244                __vector_16
                0x00000244                __vector_59
                0x00000244                __vector_18
                0x00000244                __vector_97
                0x00000244                __vector_20
                0x00000244                __vector_42
                0x00000244                __vector_87
                0x00000244                __vector_65
                0x00000244                __vector_120
                0x00000246                . = ALIGN (0x2)
 *(.text.*)
 .text.ui_init  0x00000246       0x22 src/ASF/common/services/usb/class/cdc/device/example/atxmega32a4u_stk600-rc044x/ui.o
                0x00000246                ui_init
 .text.ui_powerdown
                0x00000268       0x22 src/ASF/common/services/usb/class/cdc/device/example/atxmega32a4u_stk600-rc044x/ui.o
                0x00000268                ui_powerdown
 .text.ui_wakeup
                0x0000028a        0x8 src/ASF/common/services/usb/class/cdc/device/example/atxmega32a4u_stk600-rc044x/ui.o
                0x0000028a                ui_wakeup
 .text.ui_com_open
                0x00000292        0x8 src/ASF/common/services/usb/class/cdc/device/example/atxmega32a4u_stk600-rc044x/ui.o
                0x00000292                ui_com_open
 .text.ui_com_close
                0x0000029a       0x1a src/ASF/common/services/usb/class/cdc/device/example/atxmega32a4u_stk600-rc044x/ui.o
                0x0000029a                ui_com_close
 .text.ui_com_rx_start
                0x000002b4        0x8 src/ASF/common/services/usb/class/cdc/device/example/atxmega32a4u_stk600-rc044x/ui.o
                0x000002b4                ui_com_rx_start
 .text.ui_com_rx_stop
                0x000002bc        0x8 src/ASF/common/services/usb/class/cdc/device/example/atxmega32a4u_stk600-rc044x/ui.o
                0x000002bc                ui_com_rx_stop
 .text.ui_com_tx_start
                0x000002c4        0x8 src/ASF/common/services/usb/class/cdc/device/example/atxmega32a4u_stk600-rc044x/ui.o
                0x000002c4                ui_com_tx_start
 .text.ui_com_tx_stop
                0x000002cc        0x8 src/ASF/common/services/usb/class/cdc/device/example/atxmega32a4u_stk600-rc044x/ui.o
                0x000002cc                ui_com_tx_stop
 .text.ui_com_error
                0x000002d4        0x8 src/ASF/common/services/usb/class/cdc/device/example/atxmega32a4u_stk600-rc044x/ui.o
                0x000002d4                ui_com_error
 .text.ui_com_overflow
                0x000002dc        0x8 src/ASF/common/services/usb/class/cdc/device/example/atxmega32a4u_stk600-rc044x/ui.o
                0x000002dc                ui_com_overflow
 .text.ui_process
                0x000002e4       0x1a src/ASF/common/services/usb/class/cdc/device/example/atxmega32a4u_stk600-rc044x/ui.o
                0x000002e4                ui_process
 .text.sysclk_init
                0x000002fe       0xf6 src/ASF/common/services/clock/xmega/sysclk.o
                0x000002fe                sysclk_init
 .text.sysclk_enable_module
                0x000003f4       0x2c src/ASF/common/services/clock/xmega/sysclk.o
                0x000003f4                sysclk_enable_module
 .text.sysclk_disable_module
                0x00000420       0x2a src/ASF/common/services/clock/xmega/sysclk.o
                0x00000420                sysclk_disable_module
 .text.sysclk_enable_usb
                0x0000044a       0x88 src/ASF/common/services/clock/xmega/sysclk.o
                0x0000044a                sysclk_enable_usb
 .text.ioport_configure_port_pin
                0x000004d2       0x50 src/ASF/common/services/ioport/xmega/ioport_compat.o
                0x000004d2                ioport_configure_port_pin
 .text.udi_cdc_comm_disable
                0x00000522        0xc src/ASF/common/services/usb/class/cdc/device/udi_cdc.o
                0x00000522                udi_cdc_comm_disable
 .text.udi_cdc_data_setup
                0x0000052e        0x4 src/ASF/common/services/usb/class/cdc/device/udi_cdc.o
                0x0000052e                udi_cdc_data_setup
 .text.udi_cdc_getsetting
                0x00000532        0x4 src/ASF/common/services/usb/class/cdc/device/udi_cdc.o
                0x00000532                udi_cdc_getsetting
 .text.udi_cdc_line_coding_received
                0x00000536        0xc src/ASF/common/services/usb/class/cdc/device/udi_cdc.o
 .text.udi_cdc_comm_enable
                0x00000542       0x66 src/ASF/common/services/usb/class/cdc/device/udi_cdc.o
                0x00000542                udi_cdc_comm_enable
 .text.udi_cdc_tx_send
                0x000005a8      0x162 src/ASF/common/services/usb/class/cdc/device/udi_cdc.o
 .text.udi_cdc_data_sent
                0x0000070a       0x30 src/ASF/common/services/usb/class/cdc/device/udi_cdc.o
 .text.udi_cdc_data_sof_notify
                0x0000073a        0x6 src/ASF/common/services/usb/class/cdc/device/udi_cdc.o
                0x0000073a                udi_cdc_data_sof_notify
 .text.udi_cdc_ctrl_state_notify
                0x00000740       0x50 src/ASF/common/services/usb/class/cdc/device/udi_cdc.o
 .text.udi_cdc_ctrl_state_change
                0x00000790       0x54 src/ASF/common/services/usb/class/cdc/device/udi_cdc.o
 .text.udi_cdc_serial_state_msg_sent
                0x000007e4       0x2c src/ASF/common/services/usb/class/cdc/device/udi_cdc.o
 .text.udi_cdc_data_disable
                0x00000810       0x18 src/ASF/common/services/usb/class/cdc/device/udi_cdc.o
                0x00000810                udi_cdc_data_disable
 .text.udi_cdc_comm_setup
                0x00000828       0xa2 src/ASF/common/services/usb/class/cdc/device/udi_cdc.o
                0x00000828                udi_cdc_comm_setup
 .text.udi_cdc_signal_framing_error
                0x000008ca        0xc src/ASF/common/services/usb/class/cdc/device/udi_cdc.o
                0x000008ca                udi_cdc_signal_framing_error
 .text.udi_cdc_signal_overrun
                0x000008d6        0xc src/ASF/common/services/usb/class/cdc/device/udi_cdc.o
                0x000008d6                udi_cdc_signal_overrun
 .text.udi_cdc_multi_get_nb_received_data
                0x000008e2       0x3a src/ASF/common/services/usb/class/cdc/device/udi_cdc.o
                0x000008e2                udi_cdc_multi_get_nb_received_data
 .text.udi_cdc_multi_is_rx_ready
                0x0000091c        0xe src/ASF/common/services/usb/class/cdc/device/udi_cdc.o
                0x0000091c                udi_cdc_multi_is_rx_ready
 .text.udi_cdc_rx_start
                0x0000092a       0xa4 src/ASF/common/services/usb/class/cdc/device/udi_cdc.o
 .text.udi_cdc_data_enable
                0x000009ce       0x64 src/ASF/common/services/usb/class/cdc/device/udi_cdc.o
                0x000009ce                udi_cdc_data_enable
 .text.udi_cdc_data_received
                0x00000a32       0x60 src/ASF/common/services/usb/class/cdc/device/udi_cdc.o
 .text.udi_cdc_is_rx_ready
                0x00000a92        0x6 src/ASF/common/services/usb/class/cdc/device/udi_cdc.o
                0x00000a92                udi_cdc_is_rx_ready
 .text.udi_cdc_multi_getc
                0x00000a98       0xa8 src/ASF/common/services/usb/class/cdc/device/udi_cdc.o
                0x00000a98                udi_cdc_multi_getc
 .text.udi_cdc_getc
                0x00000b40        0x6 src/ASF/common/services/usb/class/cdc/device/udi_cdc.o
                0x00000b40                udi_cdc_getc
 .text.udi_cdc_multi_get_free_tx_buffer
                0x00000b46       0x60 src/ASF/common/services/usb/class/cdc/device/udi_cdc.o
                0x00000b46                udi_cdc_multi_get_free_tx_buffer
 .text.udi_cdc_multi_is_tx_ready
                0x00000ba6        0xe src/ASF/common/services/usb/class/cdc/device/udi_cdc.o
                0x00000ba6                udi_cdc_multi_is_tx_ready
 .text.udi_cdc_is_tx_ready
                0x00000bb4        0x6 src/ASF/common/services/usb/class/cdc/device/udi_cdc.o
                0x00000bb4                udi_cdc_is_tx_ready
 .text.udi_cdc_multi_putc
                0x00000bba       0x9e src/ASF/common/services/usb/class/cdc/device/udi_cdc.o
                0x00000bba                udi_cdc_multi_putc
 .text.udi_cdc_putc
                0x00000c58        0x8 src/ASF/common/services/usb/class/cdc/device/udi_cdc.o
                0x00000c58                udi_cdc_putc
 .text.udc_next_desc_in_iface
                0x00000c60       0x64 src/ASF/common/services/usb/udc/udc.o
 .text.udc_valid_address
                0x00000cc4        0xa src/ASF/common/services/usb/udc/udc.o
 .text.udc_update_iface_desc
                0x00000cce       0x74 src/ASF/common/services/usb/udc/udc.o
 .text.udc_iface_disable
                0x00000d42       0x84 src/ASF/common/services/usb/udc/udc.o
 .text.udc_iface_enable
                0x00000dc6       0x64 src/ASF/common/services/usb/udc/udc.o
 .text.udc_start
                0x00000e2a        0x4 src/ASF/common/services/usb/udc/udc.o
                0x00000e2a                udc_start
 .text.udc_reset
                0x00000e2e       0x4e src/ASF/common/services/usb/udc/udc.o
                0x00000e2e                udc_reset
 .text.udc_sof_notify
                0x00000e7c       0x60 src/ASF/common/services/usb/udc/udc.o
                0x00000e7c                udc_sof_notify
 .text.udc_process_setup
                0x00000edc      0x4f4 src/ASF/common/services/usb/udc/udc.o
                0x00000edc                udc_process_setup
 .text.board_init
                0x000013d0       0x92 src/ASF/xmega/boards/stk600/rc044x/init.o
                0x000013d0                board_init
 .text.ccp_write_io
                0x00001462        0xc src/ASF/xmega/drivers/cpu/ccp.o
                0x00001462                ccp_write_io
 .text.nvm_read_byte
                0x0000146e       0x14 src/ASF/xmega/drivers/nvm/nvm_asm.o
                0x0000146e                nvm_read_byte
 .text.udd_sleep_mode
                0x00001482       0x6e src/ASF/xmega/drivers/usb/usb_device.o
 .text.udd_ctrl_init
                0x000014f0       0x4a src/ASF/xmega/drivers/usb/usb_device.o
 .text.udd_ctrl_stall_data
                0x0000153a       0x1c src/ASF/xmega/drivers/usb/usb_device.o
 .text.udd_ctrl_send_zlp_in
                0x00001556       0x1c src/ASF/xmega/drivers/usb/usb_device.o
 .text.udd_ctrl_endofrequest
                0x00001572       0x10 src/ASF/xmega/drivers/usb/usb_device.o
 .text.udd_ctrl_in_sent
                0x00001582       0xd8 src/ASF/xmega/drivers/usb/usb_device.o
 .text.udd_ep_get_size
                0x0000165a       0x4e src/ASF/xmega/drivers/usb/usb_device.o
 .text.udd_ep_get_job
                0x000016a8       0x36 src/ASF/xmega/drivers/usb/usb_device.o
 .text.udd_ctrl_interrupt_tc_setup
                0x000016de       0xe2 src/ASF/xmega/drivers/usb/usb_device.o
 .text.udd_ep_trans_complet
                0x000017c0      0x2fa src/ASF/xmega/drivers/usb/usb_device.o
 .text.udd_attach
                0x00001aba       0x5a src/ASF/xmega/drivers/usb/usb_device.o
                0x00001aba                udd_attach
 .text.udd_enable
                0x00001b14      0x104 src/ASF/xmega/drivers/usb/usb_device.o
                0x00001b14                udd_enable
 .text.udd_is_high_speed
                0x00001c18        0x4 src/ASF/xmega/drivers/usb/usb_device.o
                0x00001c18                udd_is_high_speed
 .text.udd_set_address
                0x00001c1c        0x6 src/ASF/xmega/drivers/usb/usb_device.o
                0x00001c1c                udd_set_address
 .text.udd_getaddress
                0x00001c22        0x6 src/ASF/xmega/drivers/usb/usb_device.o
                0x00001c22                udd_getaddress
 .text.udd_get_frame_number
                0x00001c28        0xa src/ASF/xmega/drivers/usb/usb_device.o
                0x00001c28                udd_get_frame_number
 .text.udd_get_micro_frame_number
                0x00001c32        0x6 src/ASF/xmega/drivers/usb/usb_device.o
                0x00001c32                udd_get_micro_frame_number
 .text.udd_set_setup_payload
                0x00001c38        0xe src/ASF/xmega/drivers/usb/usb_device.o
                0x00001c38                udd_set_setup_payload
 .text.udd_ep_alloc
                0x00001c46      0x110 src/ASF/xmega/drivers/usb/usb_device.o
                0x00001c46                udd_ep_alloc
 .text.udd_ep_is_halted
                0x00001d56       0x36 src/ASF/xmega/drivers/usb/usb_device.o
                0x00001d56                udd_ep_is_halted
 .text.udd_ep_clear_halt
                0x00001d8c       0x6e src/ASF/xmega/drivers/usb/usb_device.o
                0x00001d8c                udd_ep_clear_halt
 .text.udd_ep_run
                0x00001dfa      0x18e src/ASF/xmega/drivers/usb/usb_device.o
                0x00001dfa                udd_ep_run
 .text.udd_ep_abort
                0x00001f88       0x92 src/ASF/xmega/drivers/usb/usb_device.o
                0x00001f88                udd_ep_abort
 .text.udd_ep_free
                0x0000201a       0x38 src/ASF/xmega/drivers/usb/usb_device.o
                0x0000201a                udd_ep_free
 .text.udd_ep_set_halt
                0x00002052       0x3a src/ASF/xmega/drivers/usb/usb_device.o
                0x00002052                udd_ep_set_halt
 .text.__vector_125
                0x0000208c      0x16e src/ASF/xmega/drivers/usb/usb_device.o
                0x0000208c                __vector_125
 .text.__vector_126
                0x000021fa      0x1e8 src/ASF/xmega/drivers/usb/usb_device.o
                0x000021fa                __vector_126
 .text.main     0x000023e2       0x7a src/main.o
                0x000023e2                main
 .text.main_suspend_action
                0x0000245c        0x6 src/main.o
                0x0000245c                main_suspend_action
 .text.main_resume_action
                0x00002462        0x6 src/main.o
                0x00002462                main_resume_action
 .text.main_sof_action
                0x00002468       0x10 src/main.o
                0x00002468                main_sof_action
 .text.main_cdc_enable
                0x00002478        0xc src/main.o
                0x00002478                main_cdc_enable
 .text.main_cdc_disable
                0x00002484        0x8 src/main.o
                0x00002484                main_cdc_disable
 .text.main_cdc_set_dtr
                0x0000248c       0x10 src/main.o
                0x0000248c                main_cdc_set_dtr
 .text.uart_config
                0x0000249c       0xd6 src/uart_xmega.o
                0x0000249c                uart_config
 .text.uart_open
                0x00002572       0x22 src/uart_xmega.o
                0x00002572                uart_open
 .text.uart_close
                0x00002594       0x12 src/uart_xmega.o
                0x00002594                uart_close
 .text.uart_rx_notify
                0x000025a6       0x10 src/uart_xmega.o
                0x000025a6                uart_rx_notify
 .text.__vector_25
                0x000025b6       0x7e src/uart_xmega.o
                0x000025b6                __vector_25
 .text.__vector_26
                0x00002634       0x64 src/uart_xmega.o
                0x00002634                __vector_26
 .text.libgcc.div
                0x00002698       0x28 c:/program files (x86)/atmel/studio/7.0/toolchain/avr8/avr8-gnu-toolchain/bin/../lib/gcc/avr/4.9.2/avrxmega2\libgcc.a(_udivmodhi4.o)
                0x00002698                __udivmodhi4
 .text.libgcc.div
                0x000026c0       0x44 c:/program files (x86)/atmel/studio/7.0/toolchain/avr8/avr8-gnu-toolchain/bin/../lib/gcc/avr/4.9.2/avrxmega2\libgcc.a(_udivmodsi4.o)
                0x000026c0                __udivmodsi4
 .text.libgcc   0x00002704        0xc c:/program files (x86)/atmel/studio/7.0/toolchain/avr8/avr8-gnu-toolchain/bin/../lib/gcc/avr/4.9.2/avrxmega2\libgcc.a(_tablejump2.o)
                0x00002704                __tablejump2__
 .text.avr-libc
                0x00002710       0x12 c:/program files (x86)/atmel/studio/7.0/toolchain/avr8/avr8-gnu-toolchain/bin/../lib/gcc/avr/4.9.2/../../../../avr/lib/avrxmega2\libc.a(memcpy.o)
                0x00002710                memcpy
                0x00002722                . = ALIGN (0x2)
 *(.fini9)
 .fini9         0x00002722        0x0 c:/program files (x86)/atmel/studio/7.0/toolchain/avr8/avr8-gnu-toolchain/bin/../lib/gcc/avr/4.9.2/avrxmega2\libgcc.a(_exit.o)
                0x00002722                _exit
                0x00002722                exit
 *(.fini9)
 *(.fini8)
 *(.fini8)
 *(.fini7)
 *(.fini7)
 *(.fini6)
 *(.fini6)
 *(.fini5)
 *(.fini5)
 *(.fini4)
 *(.fini4)
 *(.fini3)
 *(.fini3)
 *(.fini2)
 *(.fini2)
 *(.fini1)
 *(.fini1)
 *(.fini0)
 .fini0         0x00002722        0x4 c:/program files (x86)/atmel/studio/7.0/toolchain/avr8/avr8-gnu-toolchain/bin/../lib/gcc/avr/4.9.2/avrxmega2\libgcc.a(_exit.o)
 *(.fini0)
                0x00002726                _etext = .

.data           0x00802000       0xbc load address 0x00002726
                0x00802000                PROVIDE (__data_start, .)
 *(.data)
 *(.data*)
 .data.sleepmgr_configs
                0x00802000        0x6 src/ASF/common/services/sleepmgr/xmega/sleepmgr.o
                0x00802000                sleepmgr_configs
 .data.udi_api_cdc_data
                0x00802006        0xa src/ASF/common/services/usb/class/cdc/device/udi_cdc.o
                0x00802006                udi_api_cdc_data
 .data.udi_api_cdc_comm
                0x00802010        0xa src/ASF/common/services/usb/class/cdc/device/udi_cdc.o
                0x00802010                udi_api_cdc_comm
 .data.udc_config
                0x0080201a        0x6 src/ASF/common/services/usb/class/cdc/device/udi_cdc_desc.o
                0x0080201a                udc_config
 .data.udc_config_fs
                0x00802020        0x4 src/ASF/common/services/usb/class/cdc/device/udi_cdc_desc.o
                0x00802020                udc_config_fs
 .data.udi_apis
                0x00802024        0x4 src/ASF/common/services/usb/class/cdc/device/udi_cdc_desc.o
                0x00802024                udi_apis
 .data.udc_desc_fs
                0x00802028       0x44 src/ASF/common/services/usb/class/cdc/device/udi_cdc_desc.o
                0x00802028                udc_desc_fs
 .data.udc_device_desc
                0x0080206c       0x12 src/ASF/common/services/usb/class/cdc/device/udi_cdc_desc.o
                0x0080206c                udc_device_desc
 .data.udc_string_desc
                0x0080207e       0x20 src/ASF/common/services/usb/udc/udc.o
 .data.udc_string_product_name
                0x0080209e       0x10 src/ASF/common/services/usb/udc/udc.o
 .data.udc_string_manufacturer_name
                0x008020ae        0xa src/ASF/common/services/usb/udc/udc.o
 .data.udc_string_desc_languageid
                0x008020b8        0x4 src/ASF/common/services/usb/udc/udc.o
 *(.rodata)
 *(.rodata*)
 *(.gnu.linkonce.d*)
                0x008020bc                . = ALIGN (0x2)
                0x008020bc                _edata = .
                0x008020bc                PROVIDE (__data_end, .)

.bss            0x008020bc      0x27c
                0x008020bc                PROVIDE (__bss_start, .)
 *(.bss)
 *(.bss*)
 .bss.sof_zlp_counter.4882
                0x008020bc        0x2 src/ASF/common/services/usb/class/cdc/device/udi_cdc.o
 .bss.udi_cdc_tx_both_buf_to_send
                0x008020be        0x1 src/ASF/common/services/usb/class/cdc/device/udi_cdc.o
 .bss.udi_cdc_tx_trans_ongoing
                0x008020bf        0x1 src/ASF/common/services/usb/class/cdc/device/udi_cdc.o
 .bss.udi_cdc_tx_sof_num
                0x008020c0        0x2 src/ASF/common/services/usb/class/cdc/device/udi_cdc.o
 .bss.udi_cdc_tx_buf_sel
                0x008020c2        0x1 src/ASF/common/services/usb/class/cdc/device/udi_cdc.o
 .bss.udi_cdc_tx_buf_nb
                0x008020c3        0x4 src/ASF/common/services/usb/class/cdc/device/udi_cdc.o
 *fill*         0x008020c7        0x1 
 .bss.udi_cdc_tx_buf
                0x008020c8       0x80 src/ASF/common/services/usb/class/cdc/device/udi_cdc.o
 .bss.udi_cdc_rx_trans_ongoing
                0x00802148        0x1 src/ASF/common/services/usb/class/cdc/device/udi_cdc.o
 .bss.udi_cdc_rx_pos
                0x00802149        0x2 src/ASF/common/services/usb/class/cdc/device/udi_cdc.o
 .bss.udi_cdc_rx_buf_sel
                0x0080214b        0x1 src/ASF/common/services/usb/class/cdc/device/udi_cdc.o
 .bss.udi_cdc_rx_buf_nb
                0x0080214c        0x4 src/ASF/common/services/usb/class/cdc/device/udi_cdc.o
 .bss.udi_cdc_rx_buf
                0x00802150       0x80 src/ASF/common/services/usb/class/cdc/device/udi_cdc.o
 .bss.udi_cdc_data_running
                0x008021d0        0x1 src/ASF/common/services/usb/class/cdc/device/udi_cdc.o
 .bss.udi_cdc_nb_data_enabled
                0x008021d1        0x1 src/ASF/common/services/usb/class/cdc/device/udi_cdc.o
 .bss.udi_cdc_nb_comm_enabled
                0x008021d2        0x1 src/ASF/common/services/usb/class/cdc/device/udi_cdc.o
 *fill*         0x008021d3        0x1 
 .bss.uid_cdc_state_msg
                0x008021d4        0xa src/ASF/common/services/usb/class/cdc/device/udi_cdc.o
 .bss.udi_cdc_state
                0x008021de        0x2 src/ASF/common/services/usb/class/cdc/device/udi_cdc.o
 .bss.udi_cdc_serial_state_msg_ongoing
                0x008021e0        0x1 src/ASF/common/services/usb/class/cdc/device/udi_cdc.o
 *fill*         0x008021e1        0x1 
 .bss.udi_cdc_line_coding
                0x008021e2        0x8 src/ASF/common/services/usb/class/cdc/device/udi_cdc.o
 .bss.udc_ep_status.4577
                0x008021ea        0x2 src/ASF/common/services/usb/udc/udc.o
 .bss.udc_ptr_iface
                0x008021ec        0x2 src/ASF/common/services/usb/udc/udc.o
 .bss.udc_ptr_conf
                0x008021ee        0x2 src/ASF/common/services/usb/udc/udc.o
 .bss.udc_num_configuration
                0x008021f0        0x2 src/ASF/common/services/usb/udc/udc.o
 .bss.udc_iface_setting
                0x008021f2        0x2 src/ASF/common/services/usb/udc/udc.o
 .bss.udc_device_status
                0x008021f4        0x2 src/ASF/common/services/usb/udc/udc.o
 .bss.b_shortpacket.5291
                0x008021f6        0x1 src/ASF/xmega/drivers/usb/usb_device.o
 .bss.udd_ep_out_cache_buffer
                0x008021f7       0x80 src/ASF/xmega/drivers/usb/usb_device.o
 .bss.udd_ep_job
                0x00802277       0x24 src/ASF/xmega/drivers/usb/usb_device.o
 .bss.udd_ctrl_buffer
                0x0080229b       0x40 src/ASF/xmega/drivers/usb/usb_device.o
 .bss.udd_ctrl_payload_nb_trans
                0x008022db        0x2 src/ASF/xmega/drivers/usb/usb_device.o
 .bss.udd_ctrl_prev_payload_nb_trans
                0x008022dd        0x2 src/ASF/xmega/drivers/usb/usb_device.o
 .bss.udd_ep_control_state
                0x008022df        0x1 src/ASF/xmega/drivers/usb/usb_device.o
 .bss.udd_sram  0x008022e0       0x40 src/ASF/xmega/drivers/usb/usb_device.o
 .bss.udd_b_idle
                0x00802320        0x1 src/ASF/xmega/drivers/usb/usb_device.o
 .bss.main_b_cdc_enable
                0x00802321        0x1 src/main.o
 *(COMMON)
 COMMON         0x00802322        0x6 src/ASF/common/services/sleepmgr/xmega/sleepmgr.o
                0x00802322                sleepmgr_locks
 COMMON         0x00802328       0x10 src/ASF/xmega/drivers/usb/usb_device.o
                0x00802328                udd_g_ctrlreq
                0x00802338                PROVIDE (__bss_end, .)
                0x00002726                __data_load_start = LOADADDR (.data)
                0x000027e2                __data_load_end = (__data_load_start + SIZEOF (.data))

.noinit         0x00802338        0x0
                [!provide]                PROVIDE (__noinit_start, .)
 *(.noinit*)
                [!provide]                PROVIDE (__noinit_end, .)
                0x00802338                _end = .
                [!provide]                PROVIDE (__heap_start, .)

.eeprom         0x00810000        0x0
 *(.eeprom*)
                0x00810000                __eeprom_end = .

.fuse
 *(.fuse)
 *(.lfuse)
 *(.hfuse)
 *(.efuse)

.lock
 *(.lock*)

.signature
 *(.signature*)

.user_signatures
 *(.user_signatures*)

.stab
 *(.stab)

.stabstr
 *(.stabstr)

.stab.excl
 *(.stab.excl)

.stab.exclstr
 *(.stab.exclstr)

.stab.index
 *(.stab.index)

.stab.indexstr
 *(.stab.indexstr)

.comment        0x00000000       0x30
 *(.comment)
 .comment       0x00000000       0x30 src/ASF/common/services/usb/class/cdc/device/example/atxmega32a4u_stk600-rc044x/ui.o
                                 0x31 (size before relaxing)
 .comment       0x00000030       0x31 src/ASF/common/services/clock/xmega/sysclk.o
 .comment       0x00000030       0x31 src/ASF/common/services/ioport/xmega/ioport_compat.o
 .comment       0x00000030       0x31 src/ASF/common/services/sleepmgr/xmega/sleepmgr.o
 .comment       0x00000030       0x31 src/ASF/common/services/usb/class/cdc/device/udi_cdc.o
 .comment       0x00000030       0x31 src/ASF/common/services/usb/class/cdc/device/udi_cdc_desc.o
 .comment       0x00000030       0x31 src/ASF/common/services/usb/udc/udc.o
 .comment       0x00000030       0x31 src/ASF/xmega/boards/stk600/rc044x/init.o
 .comment       0x00000030       0x31 src/ASF/xmega/drivers/usb/usb_device.o
 .comment       0x00000030       0x31 src/main.o
 .comment       0x00000030       0x31 src/uart_xmega.o

.note.gnu.avr.deviceinfo
                0x00000000       0x40
 .note.gnu.avr.deviceinfo
                0x00000000       0x40 C:/Program Files (x86)/Atmel/Studio/7.0/Packs/atmel/XMEGAA_DFP/1.0.39/gcc/dev/atxmega32a4u/avrxmega2/crtatxmega32a4u.o

.note.gnu.build-id
 *(.note.gnu.build-id)

.debug
 *(.debug)

.line
 *(.line)

.debug_srcinfo
 *(.debug_srcinfo)

.debug_sfnames
 *(.debug_sfnames)

.debug_aranges  0x00000000      0x508
 *(.debug_aranges)
 .debug_aranges
                0x00000000       0x78 src/ASF/common/services/usb/class/cdc/device/example/atxmega32a4u_stk600-rc044x/ui.o
 .debug_aranges
                0x00000078       0x40 src/ASF/common/services/clock/xmega/sysclk.o
 .debug_aranges
                0x000000b8       0x20 src/ASF/common/services/ioport/xmega/ioport_compat.o
 .debug_aranges
                0x000000d8       0x18 src/ASF/common/services/sleepmgr/xmega/sleepmgr.o
 .debug_aranges
                0x000000f0      0x170 src/ASF/common/services/usb/class/cdc/device/udi_cdc.o
 .debug_aranges
                0x00000260       0x18 src/ASF/common/services/usb/class/cdc/device/udi_cdc_desc.o
 .debug_aranges
                0x00000278       0x70 src/ASF/common/services/usb/udc/udc.o
 .debug_aranges
                0x000002e8       0x20 src/ASF/xmega/boards/stk600/rc044x/init.o
 .debug_aranges
                0x00000308       0x20 src/ASF/xmega/drivers/cpu/ccp.o
 .debug_aranges
                0x00000328       0x28 src/ASF/xmega/drivers/nvm/nvm_asm.o
 .debug_aranges
                0x00000350      0x120 src/ASF/xmega/drivers/usb/usb_device.o
 .debug_aranges
                0x00000470       0x50 src/main.o
 .debug_aranges
                0x000004c0       0x48 src/uart_xmega.o

.debug_pubnames
 *(.debug_pubnames)

.debug_info     0x00000000     0x84d4
 *(.debug_info .gnu.linkonce.wi.*)
 .debug_info    0x00000000      0xdb3 src/ASF/common/services/usb/class/cdc/device/example/atxmega32a4u_stk600-rc044x/ui.o
 .debug_info    0x00000db3      0xc3c src/ASF/common/services/clock/xmega/sysclk.o
 .debug_info    0x000019ef      0x11d src/ASF/common/services/ioport/xmega/ioport_compat.o
 .debug_info    0x00001b0c      0x121 src/ASF/common/services/sleepmgr/xmega/sleepmgr.o
 .debug_info    0x00001c2d     0x1a85 src/ASF/common/services/usb/class/cdc/device/udi_cdc.o
 .debug_info    0x000036b2      0x7bd src/ASF/common/services/usb/class/cdc/device/udi_cdc_desc.o
 .debug_info    0x00003e6f     0x1153 src/ASF/common/services/usb/udc/udc.o
 .debug_info    0x00004fc2      0x6a8 src/ASF/xmega/boards/stk600/rc044x/init.o
 .debug_info    0x0000566a       0xaf src/ASF/xmega/drivers/cpu/ccp.o
 .debug_info    0x00005719       0xaf src/ASF/xmega/drivers/nvm/nvm_asm.o
 .debug_info    0x000057c8     0x1e2e src/ASF/xmega/drivers/usb/usb_device.o
 .debug_info    0x000075f6      0x64c src/main.o
 .debug_info    0x00007c42      0x892 src/uart_xmega.o

.debug_abbrev   0x00000000     0x1a4c
 *(.debug_abbrev)
 .debug_abbrev  0x00000000      0x1bd src/ASF/common/services/usb/class/cdc/device/example/atxmega32a4u_stk600-rc044x/ui.o
 .debug_abbrev  0x000001bd      0x2bc src/ASF/common/services/clock/xmega/sysclk.o
 .debug_abbrev  0x00000479       0x93 src/ASF/common/services/ioport/xmega/ioport_compat.o
 .debug_abbrev  0x0000050c       0x80 src/ASF/common/services/sleepmgr/xmega/sleepmgr.o
 .debug_abbrev  0x0000058c      0x3fe src/ASF/common/services/usb/class/cdc/device/udi_cdc.o
 .debug_abbrev  0x0000098a       0xfe src/ASF/common/services/usb/class/cdc/device/udi_cdc_desc.o
 .debug_abbrev  0x00000a88      0x3c0 src/ASF/common/services/usb/udc/udc.o
 .debug_abbrev  0x00000e48      0x160 src/ASF/xmega/boards/stk600/rc044x/init.o
 .debug_abbrev  0x00000fa8       0x14 src/ASF/xmega/drivers/cpu/ccp.o
 .debug_abbrev  0x00000fbc       0x12 src/ASF/xmega/drivers/nvm/nvm_asm.o
 .debug_abbrev  0x00000fce      0x5d4 src/ASF/xmega/drivers/usb/usb_device.o
 .debug_abbrev  0x000015a2      0x27c src/main.o
 .debug_abbrev  0x0000181e      0x22e src/uart_xmega.o

.debug_line     0x00000000     0x69bd
 *(.debug_line .debug_line.* .debug_line_end)
 .debug_line    0x00000000      0xa1c src/ASF/common/services/usb/class/cdc/device/example/atxmega32a4u_stk600-rc044x/ui.o
 .debug_line    0x00000a1c      0x76e src/ASF/common/services/clock/xmega/sysclk.o
 .debug_line    0x0000118a      0x4b2 src/ASF/common/services/ioport/xmega/ioport_compat.o
 .debug_line    0x0000163c      0x455 src/ASF/common/services/sleepmgr/xmega/sleepmgr.o
 .debug_line    0x00001a91      0xfed src/ASF/common/services/usb/class/cdc/device/udi_cdc.o
 .debug_line    0x00002a7e      0x53e src/ASF/common/services/usb/class/cdc/device/udi_cdc_desc.o
 .debug_line    0x00002fbc      0xa81 src/ASF/common/services/usb/udc/udc.o
 .debug_line    0x00003a3d      0x4d1 src/ASF/xmega/boards/stk600/rc044x/init.o
 .debug_line    0x00003f0e       0x6e src/ASF/xmega/drivers/cpu/ccp.o
 .debug_line    0x00003f7c      0x11f src/ASF/xmega/drivers/nvm/nvm_asm.o
 .debug_line    0x0000409b     0x1511 src/ASF/xmega/drivers/usb/usb_device.o
 .debug_line    0x000055ac      0x9ed src/main.o
 .debug_line    0x00005f99      0xa24 src/uart_xmega.o

.debug_frame    0x00000000      0xcec
 *(.debug_frame)
 .debug_frame   0x00000000       0xd4 src/ASF/common/services/usb/class/cdc/device/example/atxmega32a4u_stk600-rc044x/ui.o
 .debug_frame   0x000000d4       0xb0 src/ASF/common/services/clock/xmega/sysclk.o
 .debug_frame   0x00000184       0x30 src/ASF/common/services/ioport/xmega/ioport_compat.o
 .debug_frame   0x000001b4      0x430 src/ASF/common/services/usb/class/cdc/device/udi_cdc.o
 .debug_frame   0x000005e4      0x114 src/ASF/common/services/usb/udc/udc.o
 .debug_frame   0x000006f8       0x24 src/ASF/xmega/boards/stk600/rc044x/init.o
 .debug_frame   0x0000071c      0x428 src/ASF/xmega/drivers/usb/usb_device.o
 .debug_frame   0x00000b44       0x84 src/main.o
 .debug_frame   0x00000bc8      0x124 src/uart_xmega.o

.debug_str      0x00000000    0x3140b
 *(.debug_str)
 .debug_str     0x00000000    0x2b096 src/ASF/common/services/usb/class/cdc/device/example/atxmega32a4u_stk600-rc044x/ui.o
                              0x2b734 (size before relaxing)
 .debug_str     0x0002b096      0x7f8 src/ASF/common/services/clock/xmega/sysclk.o
                              0x273e1 (size before relaxing)
 .debug_str     0x0002b88e       0xab src/ASF/common/services/ioport/xmega/ioport_compat.o
                              0x259f6 (size before relaxing)
 .debug_str     0x0002b939       0x96 src/ASF/common/services/sleepmgr/xmega/sleepmgr.o
                              0x2574e (size before relaxing)
 .debug_str     0x0002b9cf      0xfa4 src/ASF/common/services/usb/class/cdc/device/udi_cdc.o
                              0x2ab43 (size before relaxing)
 .debug_str     0x0002c973      0x5e8 src/ASF/common/services/usb/class/cdc/device/udi_cdc_desc.o
                              0x2a148 (size before relaxing)
 .debug_str     0x0002cf5b      0x7c1 src/ASF/common/services/usb/udc/udc.o
                              0x2929d (size before relaxing)
 .debug_str     0x0002d71c      0x12f src/ASF/xmega/boards/stk600/rc044x/init.o
                              0x26819 (size before relaxing)
 .debug_str     0x0002d84b     0x377f src/ASF/xmega/drivers/usb/usb_device.o
                              0x2d5fa (size before relaxing)
 .debug_str     0x00030fca      0x14d src/main.o
                              0x2b78b (size before relaxing)
 .debug_str     0x00031117      0x2f4 src/uart_xmega.o
                              0x2bd4e (size before relaxing)

.debug_loc      0x00000000     0x32b8
 *(.debug_loc)
 .debug_loc     0x00000000       0xc2 src/ASF/common/services/usb/class/cdc/device/example/atxmega32a4u_stk600-rc044x/ui.o
 .debug_loc     0x000000c2      0x37b src/ASF/common/services/clock/xmega/sysclk.o
 .debug_loc     0x0000043d       0x66 src/ASF/common/services/ioport/xmega/ioport_compat.o
 .debug_loc     0x000004a3     0x125f src/ASF/common/services/usb/class/cdc/device/udi_cdc.o
 .debug_loc     0x00001702      0x4d3 src/ASF/common/services/usb/udc/udc.o
 .debug_loc     0x00001bd5     0x1289 src/ASF/xmega/drivers/usb/usb_device.o
 .debug_loc     0x00002e5e      0x175 src/main.o
 .debug_loc     0x00002fd3      0x2e5 src/uart_xmega.o

.debug_macinfo
 *(.debug_macinfo)

.debug_weaknames
 *(.debug_weaknames)

.debug_funcnames
 *(.debug_funcnames)

.debug_typenames
 *(.debug_typenames)

.debug_varnames
 *(.debug_varnames)

.debug_pubtypes
 *(.debug_pubtypes)

.debug_ranges   0x00000000      0x4b8
 *(.debug_ranges)
 .debug_ranges  0x00000000       0x68 src/ASF/common/services/usb/class/cdc/device/example/atxmega32a4u_stk600-rc044x/ui.o
 .debug_ranges  0x00000068       0x30 src/ASF/common/services/clock/xmega/sysclk.o
 .debug_ranges  0x00000098       0x10 src/ASF/common/services/ioport/xmega/ioport_compat.o
 .debug_ranges  0x000000a8      0x160 src/ASF/common/services/usb/class/cdc/device/udi_cdc.o
 .debug_ranges  0x00000208       0x78 src/ASF/common/services/usb/udc/udc.o
 .debug_ranges  0x00000280       0x10 src/ASF/xmega/boards/stk600/rc044x/init.o
 .debug_ranges  0x00000290       0x20 src/ASF/xmega/drivers/nvm/nvm_asm.o
 .debug_ranges  0x000002b0      0x140 src/ASF/xmega/drivers/usb/usb_device.o
 .debug_ranges  0x000003f0       0x90 src/main.o
 .debug_ranges  0x00000480       0x38 src/uart_xmega.o

.debug_macro    0x00000000     0xb2c4
 *(.debug_macro)
 .debug_macro   0x00000000      0x344 src/ASF/common/services/usb/class/cdc/device/example/atxmega32a4u_stk600-rc044x/ui.o
 .debug_macro   0x00000344      0xa60 src/ASF/common/services/usb/class/cdc/device/example/atxmega32a4u_stk600-rc044x/ui.o
 .debug_macro   0x00000da4       0x10 src/ASF/common/services/usb/class/cdc/device/example/atxmega32a4u_stk600-rc044x/ui.o
 .debug_macro   0x00000db4      0x1c9 src/ASF/common/services/usb/class/cdc/device/example/atxmega32a4u_stk600-rc044x/ui.o
 .debug_macro   0x00000f7d      0x2fc src/ASF/common/services/usb/class/cdc/device/example/atxmega32a4u_stk600-rc044x/ui.o
 .debug_macro   0x00001279       0x9e src/ASF/common/services/usb/class/cdc/device/example/atxmega32a4u_stk600-rc044x/ui.o
 .debug_macro   0x00001317     0x5623 src/ASF/common/services/usb/class/cdc/device/example/atxmega32a4u_stk600-rc044x/ui.o
 .debug_macro   0x0000693a       0x9a src/ASF/common/services/usb/class/cdc/device/example/atxmega32a4u_stk600-rc044x/ui.o
 .debug_macro   0x000069d4       0xf1 src/ASF/common/services/usb/class/cdc/device/example/atxmega32a4u_stk600-rc044x/ui.o
 .debug_macro   0x00006ac5       0x34 src/ASF/common/services/usb/class/cdc/device/example/atxmega32a4u_stk600-rc044x/ui.o
 .debug_macro   0x00006af9       0x10 src/ASF/common/services/usb/class/cdc/device/example/atxmega32a4u_stk600-rc044x/ui.o
 .debug_macro   0x00006b09       0x18 src/ASF/common/services/usb/class/cdc/device/example/atxmega32a4u_stk600-rc044x/ui.o
 .debug_macro   0x00006b21       0x5e src/ASF/common/services/usb/class/cdc/device/example/atxmega32a4u_stk600-rc044x/ui.o
 .debug_macro   0x00006b7f       0x10 src/ASF/common/services/usb/class/cdc/device/example/atxmega32a4u_stk600-rc044x/ui.o
 .debug_macro   0x00006b8f       0x22 src/ASF/common/services/usb/class/cdc/device/example/atxmega32a4u_stk600-rc044x/ui.o
 .debug_macro   0x00006bb1      0x166 src/ASF/common/services/usb/class/cdc/device/example/atxmega32a4u_stk600-rc044x/ui.o
 .debug_macro   0x00006d17       0x1c src/ASF/common/services/usb/class/cdc/device/example/atxmega32a4u_stk600-rc044x/ui.o
 .debug_macro   0x00006d33       0x35 src/ASF/common/services/usb/class/cdc/device/example/atxmega32a4u_stk600-rc044x/ui.o
 .debug_macro   0x00006d68       0x66 src/ASF/common/services/usb/class/cdc/device/example/atxmega32a4u_stk600-rc044x/ui.o
 .debug_macro   0x00006dce      0x64b src/ASF/common/services/usb/class/cdc/device/example/atxmega32a4u_stk600-rc044x/ui.o
 .debug_macro   0x00007419       0x97 src/ASF/common/services/usb/class/cdc/device/example/atxmega32a4u_stk600-rc044x/ui.o
 .debug_macro   0x000074b0       0x17 src/ASF/common/services/usb/class/cdc/device/example/atxmega32a4u_stk600-rc044x/ui.o
 .debug_macro   0x000074c7      0x250 src/ASF/common/services/usb/class/cdc/device/example/atxmega32a4u_stk600-rc044x/ui.o
 .debug_macro   0x00007717       0x76 src/ASF/common/services/usb/class/cdc/device/example/atxmega32a4u_stk600-rc044x/ui.o
 .debug_macro   0x0000778d       0x16 src/ASF/common/services/usb/class/cdc/device/example/atxmega32a4u_stk600-rc044x/ui.o
 .debug_macro   0x000077a3      0x6e3 src/ASF/common/services/usb/class/cdc/device/example/atxmega32a4u_stk600-rc044x/ui.o
 .debug_macro   0x00007e86       0x10 src/ASF/common/services/usb/class/cdc/device/example/atxmega32a4u_stk600-rc044x/ui.o
 .debug_macro   0x00007e96      0x175 src/ASF/common/services/usb/class/cdc/device/example/atxmega32a4u_stk600-rc044x/ui.o
 .debug_macro   0x0000800b       0x40 src/ASF/common/services/usb/class/cdc/device/example/atxmega32a4u_stk600-rc044x/ui.o
 .debug_macro   0x0000804b       0x69 src/ASF/common/services/usb/class/cdc/device/example/atxmega32a4u_stk600-rc044x/ui.o
 .debug_macro   0x000080b4       0x32 src/ASF/common/services/usb/class/cdc/device/example/atxmega32a4u_stk600-rc044x/ui.o
 .debug_macro   0x000080e6       0xe4 src/ASF/common/services/usb/class/cdc/device/example/atxmega32a4u_stk600-rc044x/ui.o
 .debug_macro   0x000081ca       0x34 src/ASF/common/services/usb/class/cdc/device/example/atxmega32a4u_stk600-rc044x/ui.o
 .debug_macro   0x000081fe       0x7c src/ASF/common/services/usb/class/cdc/device/example/atxmega32a4u_stk600-rc044x/ui.o
 .debug_macro   0x0000827a      0x109 src/ASF/common/services/usb/class/cdc/device/example/atxmega32a4u_stk600-rc044x/ui.o
 .debug_macro   0x00008383       0x40 src/ASF/common/services/usb/class/cdc/device/example/atxmega32a4u_stk600-rc044x/ui.o
 .debug_macro   0x000083c3      0x2c6 src/ASF/common/services/usb/class/cdc/device/example/atxmega32a4u_stk600-rc044x/ui.o
 .debug_macro   0x00008689       0x94 src/ASF/common/services/usb/class/cdc/device/example/atxmega32a4u_stk600-rc044x/ui.o
 .debug_macro   0x0000871d       0x26 src/ASF/common/services/usb/class/cdc/device/example/atxmega32a4u_stk600-rc044x/ui.o
 .debug_macro   0x00008743       0x1c src/ASF/common/services/usb/class/cdc/device/example/atxmega32a4u_stk600-rc044x/ui.o
 .debug_macro   0x0000875f       0x42 src/ASF/common/services/usb/class/cdc/device/example/atxmega32a4u_stk600-rc044x/ui.o
 .debug_macro   0x000087a1       0x10 src/ASF/common/services/usb/class/cdc/device/example/atxmega32a4u_stk600-rc044x/ui.o
 .debug_macro   0x000087b1       0x2e src/ASF/common/services/usb/class/cdc/device/example/atxmega32a4u_stk600-rc044x/ui.o
 .debug_macro   0x000087df       0x7d src/ASF/common/services/usb/class/cdc/device/example/atxmega32a4u_stk600-rc044x/ui.o
 .debug_macro   0x0000885c       0x2f src/ASF/common/services/usb/class/cdc/device/example/atxmega32a4u_stk600-rc044x/ui.o
 .debug_macro   0x0000888b      0x154 src/ASF/common/services/usb/class/cdc/device/example/atxmega32a4u_stk600-rc044x/ui.o
 .debug_macro   0x000089df       0x3a src/ASF/common/services/usb/class/cdc/device/example/atxmega32a4u_stk600-rc044x/ui.o
 .debug_macro   0x00008a19      0x228 src/ASF/common/services/usb/class/cdc/device/example/atxmega32a4u_stk600-rc044x/ui.o
 .debug_macro   0x00008c41       0xad src/ASF/common/services/usb/class/cdc/device/example/atxmega32a4u_stk600-rc044x/ui.o
 .debug_macro   0x00008cee       0xf0 src/ASF/common/services/usb/class/cdc/device/example/atxmega32a4u_stk600-rc044x/ui.o
 .debug_macro   0x00008dde      0x24b src/ASF/common/services/usb/class/cdc/device/example/atxmega32a4u_stk600-rc044x/ui.o
 .debug_macro   0x00009029      0x162 src/ASF/common/services/usb/class/cdc/device/example/atxmega32a4u_stk600-rc044x/ui.o
 .debug_macro   0x0000918b       0x16 src/ASF/common/services/usb/class/cdc/device/example/atxmega32a4u_stk600-rc044x/ui.o
 .debug_macro   0x000091a1       0x1c src/ASF/common/services/usb/class/cdc/device/example/atxmega32a4u_stk600-rc044x/ui.o
 .debug_macro   0x000091bd      0x192 src/ASF/common/services/usb/class/cdc/device/example/atxmega32a4u_stk600-rc044x/ui.o
 .debug_macro   0x0000934f      0x1db src/ASF/common/services/clock/xmega/sysclk.o
 .debug_macro   0x0000952a      0x195 src/ASF/common/services/ioport/xmega/ioport_compat.o
 .debug_macro   0x000096bf      0x1a3 src/ASF/common/services/sleepmgr/xmega/sleepmgr.o
 .debug_macro   0x00009862      0x2c2 src/ASF/common/services/usb/class/cdc/device/udi_cdc.o
 .debug_macro   0x00009b24       0xa7 src/ASF/common/services/usb/class/cdc/device/udi_cdc.o
 .debug_macro   0x00009bcb       0x16 src/ASF/common/services/usb/class/cdc/device/udi_cdc.o
 .debug_macro   0x00009be1      0x233 src/ASF/common/services/usb/class/cdc/device/udi_cdc_desc.o
 .debug_macro   0x00009e14      0x21f src/ASF/common/services/usb/udc/udc.o
 .debug_macro   0x0000a033      0x1bb src/ASF/xmega/boards/stk600/rc044x/init.o
 .debug_macro   0x0000a1ee      0x2c0 src/ASF/xmega/boards/stk600/rc044x/init.o
 .debug_macro   0x0000a4ae       0x3a src/ASF/xmega/boards/stk600/rc044x/init.o
 .debug_macro   0x0000a4e8      0x2d5 src/ASF/xmega/drivers/usb/usb_device.o
 .debug_macro   0x0000a7bd      0x46a src/ASF/xmega/drivers/usb/usb_device.o
 .debug_macro   0x0000ac27      0x348 src/main.o
 .debug_macro   0x0000af6f      0x355 src/uart_xmega.o
OUTPUT(Rejestrator_hamowni_examples.elf elf32-avr)
LOAD linker stubs

.BOOT           0x00008000        0x0
